../Drivers/SSD1306/Src/ssd1306.c:65:9:SSD1306_Init	8	static
../Drivers/SSD1306/Src/ssd1306.c:119:6:SSD1306_UpdateScreen	16	static
../Drivers/SSD1306/Src/ssd1306.c:133:6:SSD1306_Fill	16	static
../Drivers/SSD1306/Src/ssd1306.c:140:6:SSD1306_DrawPixel	16	static
../Drivers/SSD1306/Src/ssd1306.c:161:6:SSD1306_GotoXY	16	static
../Drivers/SSD1306/Src/ssd1306.c:168:9:SSD1306_Putc	32	static
../Drivers/SSD1306/Src/ssd1306.c:200:9:SSD1306_Puts	24	static
../Drivers/SSD1306/Src/ssd1306.c:218:6:SSD1306_DrawLine	40	static
../Drivers/SSD1306/Src/ssd1306.c:303:6:SSD1306_DrawCircle	40	static
../Drivers/SSD1306/Src/ssd1306.c:338:6:SSD1306_Clear	8	static
