../Drivers/SSD1306/Src/ssd1306.c:65:9:SSD1306_Init	8	static
../Drivers/SSD1306/Src/ssd1306.c:121:6:SSD1306_UpdateScreen	16	static
../Drivers/SSD1306/Src/ssd1306.c:135:6:SSD1306_Fill	16	static
../Drivers/SSD1306/Src/ssd1306.c:142:6:SSD1306_DrawPixel	16	static
../Drivers/SSD1306/Src/ssd1306.c:163:6:SSD1306_GotoXY	16	static
../Drivers/SSD1306/Src/ssd1306.c:170:9:SSD1306_Putc	32	static
../Drivers/SSD1306/Src/ssd1306.c:202:9:SSD1306_Puts	24	static
../Drivers/SSD1306/Src/ssd1306.c:220:6:SSD1306_DrawLine	40	static
../Drivers/SSD1306/Src/ssd1306.c:305:6:SSD1306_DrawCircle	40	static
../Drivers/SSD1306/Src/ssd1306.c:340:6:SSD1306_Clear	8	static
