Archive member included to satisfy reference by file (symbol)

/home/francesco/st/stm32cubeide_1.11.2_2/plugins/com.st.stm32cube.ide.mcu.externaltools.gnu-tools-for-stm32.10.3-2021.10.linux64_1.0.100.202210260954/tools/bin/../lib/gcc/arm-none-eabi/10.3.1/../../../../arm-none-eabi/lib/thumb/v7e-m+fp/hard/libc_nano.a(lib_a-errno.o)
                              ./Core/Src/syscalls.o (__errno)
/home/francesco/st/stm32cubeide_1.11.2_2/plugins/com.st.stm32cube.ide.mcu.externaltools.gnu-tools-for-stm32.10.3-2021.10.linux64_1.0.100.202210260954/tools/bin/../lib/gcc/arm-none-eabi/10.3.1/../../../../arm-none-eabi/lib/thumb/v7e-m+fp/hard/libc_nano.a(lib_a-exit.o)
                              /home/francesco/st/stm32cubeide_1.11.2_2/plugins/com.st.stm32cube.ide.mcu.externaltools.gnu-tools-for-stm32.10.3-2021.10.linux64_1.0.100.202210260954/tools/bin/../lib/gcc/arm-none-eabi/10.3.1/../../../../arm-none-eabi/lib/thumb/v7e-m+fp/hard/crt0.o (exit)
/home/francesco/st/stm32cubeide_1.11.2_2/plugins/com.st.stm32cube.ide.mcu.externaltools.gnu-tools-for-stm32.10.3-2021.10.linux64_1.0.100.202210260954/tools/bin/../lib/gcc/arm-none-eabi/10.3.1/../../../../arm-none-eabi/lib/thumb/v7e-m+fp/hard/libc_nano.a(lib_a-impure.o)
                              /home/francesco/st/stm32cubeide_1.11.2_2/plugins/com.st.stm32cube.ide.mcu.externaltools.gnu-tools-for-stm32.10.3-2021.10.linux64_1.0.100.202210260954/tools/bin/../lib/gcc/arm-none-eabi/10.3.1/../../../../arm-none-eabi/lib/thumb/v7e-m+fp/hard/libc_nano.a(lib_a-exit.o) (_global_impure_ptr)
/home/francesco/st/stm32cubeide_1.11.2_2/plugins/com.st.stm32cube.ide.mcu.externaltools.gnu-tools-for-stm32.10.3-2021.10.linux64_1.0.100.202210260954/tools/bin/../lib/gcc/arm-none-eabi/10.3.1/../../../../arm-none-eabi/lib/thumb/v7e-m+fp/hard/libc_nano.a(lib_a-init.o)
                              /home/francesco/st/stm32cubeide_1.11.2_2/plugins/com.st.stm32cube.ide.mcu.externaltools.gnu-tools-for-stm32.10.3-2021.10.linux64_1.0.100.202210260954/tools/bin/../lib/gcc/arm-none-eabi/10.3.1/../../../../arm-none-eabi/lib/thumb/v7e-m+fp/hard/crt0.o (__libc_init_array)
/home/francesco/st/stm32cubeide_1.11.2_2/plugins/com.st.stm32cube.ide.mcu.externaltools.gnu-tools-for-stm32.10.3-2021.10.linux64_1.0.100.202210260954/tools/bin/../lib/gcc/arm-none-eabi/10.3.1/../../../../arm-none-eabi/lib/thumb/v7e-m+fp/hard/libc_nano.a(lib_a-itoa.o)
                              ./Drivers/API/Src/API_displayOLED.o (itoa)
/home/francesco/st/stm32cubeide_1.11.2_2/plugins/com.st.stm32cube.ide.mcu.externaltools.gnu-tools-for-stm32.10.3-2021.10.linux64_1.0.100.202210260954/tools/bin/../lib/gcc/arm-none-eabi/10.3.1/../../../../arm-none-eabi/lib/thumb/v7e-m+fp/hard/libc_nano.a(lib_a-memset.o)
                              /home/francesco/st/stm32cubeide_1.11.2_2/plugins/com.st.stm32cube.ide.mcu.externaltools.gnu-tools-for-stm32.10.3-2021.10.linux64_1.0.100.202210260954/tools/bin/../lib/gcc/arm-none-eabi/10.3.1/../../../../arm-none-eabi/lib/thumb/v7e-m+fp/hard/crt0.o (memset)
/home/francesco/st/stm32cubeide_1.11.2_2/plugins/com.st.stm32cube.ide.mcu.externaltools.gnu-tools-for-stm32.10.3-2021.10.linux64_1.0.100.202210260954/tools/bin/../lib/gcc/arm-none-eabi/10.3.1/../../../../arm-none-eabi/lib/thumb/v7e-m+fp/hard/libc_nano.a(lib_a-rand.o)
                              ./Drivers/API/Src/API_magnetometer.o (srand)
/home/francesco/st/stm32cubeide_1.11.2_2/plugins/com.st.stm32cube.ide.mcu.externaltools.gnu-tools-for-stm32.10.3-2021.10.linux64_1.0.100.202210260954/tools/bin/../lib/gcc/arm-none-eabi/10.3.1/../../../../arm-none-eabi/lib/thumb/v7e-m+fp/hard/libc_nano.a(lib_a-strcat.o)
                              ./Drivers/API/Src/API_displayOLED.o (strcat)
/home/francesco/st/stm32cubeide_1.11.2_2/plugins/com.st.stm32cube.ide.mcu.externaltools.gnu-tools-for-stm32.10.3-2021.10.linux64_1.0.100.202210260954/tools/bin/../lib/gcc/arm-none-eabi/10.3.1/../../../../arm-none-eabi/lib/thumb/v7e-m+fp/hard/libc_nano.a(lib_a-strlen.o)
                              ./Drivers/API/Src/API_displayOLED.o (strlen)
/home/francesco/st/stm32cubeide_1.11.2_2/plugins/com.st.stm32cube.ide.mcu.externaltools.gnu-tools-for-stm32.10.3-2021.10.linux64_1.0.100.202210260954/tools/bin/../lib/gcc/arm-none-eabi/10.3.1/../../../../arm-none-eabi/lib/thumb/v7e-m+fp/hard/libc_nano.a(lib_a-utoa.o)
                              /home/francesco/st/stm32cubeide_1.11.2_2/plugins/com.st.stm32cube.ide.mcu.externaltools.gnu-tools-for-stm32.10.3-2021.10.linux64_1.0.100.202210260954/tools/bin/../lib/gcc/arm-none-eabi/10.3.1/../../../../arm-none-eabi/lib/thumb/v7e-m+fp/hard/libc_nano.a(lib_a-itoa.o) (__utoa)
/home/francesco/st/stm32cubeide_1.11.2_2/plugins/com.st.stm32cube.ide.mcu.externaltools.gnu-tools-for-stm32.10.3-2021.10.linux64_1.0.100.202210260954/tools/bin/../lib/gcc/arm-none-eabi/10.3.1/../../../../arm-none-eabi/lib/thumb/v7e-m+fp/hard/libc_nano.a(lib_a-assert.o)
[...]
Memory Configuration

Name             Origin             Length             Attributes
CCMRAM           0x0000000010000000 0x0000000000010000 xrw
RAM              0x0000000020000000 0x0000000000030000 xrw
FLASH            0x0000000008000000 0x0000000000200000 xr
*default*        0x0000000000000000 0xffffffffffffffff

Linker script and memory map

LOAD /home/francesco/st/stm32cubeide_1.11.2_2/plugins/com.st.stm32cube.ide.mcu.externaltools.gnu-tools-for-stm32.10.3-2021.10.linux64_1.0.100.202210260954/tools/bin/../lib/gcc/arm-none-eabi/10.3.1/thumb/v7e-m+fp/hard/crti.o
LOAD /home/francesco/st/stm32cubeide_1.11.2_2/plugins/com.st.stm32cube.ide.mcu.externaltools.gnu-tools-for-stm32.10.3-2021.10.linux64_1.0.100.202210260954/tools/bin/../lib/gcc/arm-none-eabi/10.3.1/thumb/v7e-m+fp/hard/crtbegin.o
LOAD /home/francesco/st/stm32cubeide_1.11.2_2/plugins/com.st.stm32cube.ide.mcu.externaltools.gnu-tools-for-stm32.10.3-2021.10.linux64_1.0.100.202210260954/tools/bin/../lib/gcc/arm-none-eabi/10.3.1/../../../../arm-none-eabi/lib/thumb/v7e-m+fp/hard/crt0.o
LOAD ./Core/Src/main.o
LOAD ./Core/Src/stm32f4xx_hal_msp.o
LOAD ./Core/Src/stm32f4xx_it.o
LOAD ./Core/Src/syscalls.o
LOAD ./Core/Src/sysmem.o
LOAD ./Core/Src/system_stm32f4xx.o
LOAD ./Core/Startup/startup_stm32f429zitx.o
LOAD ./Drivers/API/Src/API_debounce.o
LOAD ./Drivers/API/Src/API_delay.o
LOAD ./Drivers/API/Src/API_displayOLED.o
LOAD ./Drivers/API/Src/API_magnetometer.o
LOAD ./Drivers/API/Src/API_system.o
LOAD ./Drivers/BSP/STM32F4xx_Nucleo_144/stm32f4xx_nucleo_144.o
LOAD ./Drivers/SSD1306/Src/fonts.o
LOAD ./Drivers/SSD1306/Src/ssd1306.o
LOAD ./Drivers/SSD1306/Src/ssd1306_port.o
LOAD ./Drivers/STM32F4xx_HAL_Driver/Src/stm32f4xx_hal.o
LOAD ./Drivers/STM32F4xx_HAL_Driver/Src/stm32f4xx_hal_cortex.o
LOAD ./Drivers/STM32F4xx_HAL_Driver/Src/stm32f4xx_hal_dma.o
LOAD ./Drivers/STM32F4xx_HAL_Driver/Src/stm32f4xx_hal_dma_ex.o
LOAD ./Drivers/STM32F4xx_HAL_Driver/Src/stm32f4xx_hal_exti.o
LOAD ./Drivers/STM32F4xx_HAL_Driver/Src/stm32f4xx_hal_flash.o
LOAD ./Drivers/STM32F4xx_HAL_Driver/Src/stm32f4xx_hal_flash_ex.o
LOAD ./Drivers/STM32F4xx_HAL_Driver/Src/stm32f4xx_hal_flash_ramfunc.o
LOAD ./Drivers/STM32F4xx_HAL_Driver/Src/stm32f4xx_hal_gpio.o
LOAD ./Drivers/STM32F4xx_HAL_Driver/Src/stm32f4xx_hal_i2c.o
LOAD ./Drivers/STM32F4xx_HAL_Driver/Src/stm32f4xx_hal_i2c_ex.o
LOAD ./Drivers/STM32F4xx_HAL_Driver/Src/stm32f4xx_hal_pwr.o
LOAD ./Drivers/STM32F4xx_HAL_Driver/Src/stm32f4xx_hal_pwr_ex.o
LOAD ./Drivers/STM32F4xx_HAL_Driver/Src/stm32f4xx_hal_rcc.o
LOAD ./Drivers/STM32F4xx_HAL_Driver/Src/stm32f4xx_hal_rcc_ex.o
LOAD ./Drivers/STM32F4xx_HAL_Driver/Src/stm32f4xx_hal_tim.o
LOAD ./Drivers/STM32F4xx_HAL_Driver/Src/stm32f4xx_hal_tim_ex.o
LOAD ./Drivers/STM32F4xx_HAL_Driver/Src/stm32f4xx_hal_uart.o
START GROUP
LOAD /home/francesco/st/stm32cubeide_1.11.2_2/plugins/com.st.stm32cube.ide.mcu.externaltools.gnu-tools-for-stm32.10.3-2021.10.linux64_1.0.100.202210260954/tools/bin/../lib/gcc/arm-none-eabi/10.3.1/../../../../arm-none-eabi/lib/thumb/v7e-m+fp/hard/libc_nano.a
LOAD /home/francesco/st/stm32cubeide_1.11.2_2/plugins/com.st.stm32cube.ide.mcu.externaltools.gnu-tools-for-stm32.10.3-2021.10.linux64_1.0.100.202210260954/tools/bin/../lib/gcc/arm-none-eabi/10.3.1/../../../../arm-none-eabi/lib/thumb/v7e-m+fp/hard/libm.a
END GROUP
START GROUP
LOAD /home/francesco/st/stm32cubeide_1.11.2_2/plugins/com.st.stm32cube.ide.mcu.externaltools.gnu-tools-for-stm32.10.3-2021.10.linux64_1.0.100.202210260954/tools/bin/../lib/gcc/arm-none-eabi/10.3.1/thumb/v7e-m+fp/hard/libgcc.a
LOAD /home/francesco/st/stm32cubeide_1.11.2_2/plugins/com.st.stm32cube.ide.mcu.externaltools.gnu-tools-for-stm32.10.3-2021.10.linux64_1.0.100.202210260954/tools/bin/../lib/gcc/arm-none-eabi/10.3.1/../../../../arm-none-eabi/lib/thumb/v7e-m+fp/hard/libc_nano.a
END GROUP
START GROUP
LOAD /home/francesco/st/stm32cubeide_1.11.2_2/plugins/com.st.stm32cube.ide.mcu.externaltools.gnu-tools-for-stm32.10.3-2021.10.linux64_1.0.100.202210260954/tools/bin/../lib/gcc/arm-none-eabi/10.3.1/thumb/v7e-m+fp/hard/libgcc.a
LOAD /home/francesco/st/stm32cubeide_1.11.2_2/plugins/com.st.stm32cube.ide.mcu.externaltools.gnu-tools-for-stm32.10.3-2021.10.linux64_1.0.100.202210260954/tools/bin/../lib/gcc/arm-none-eabi/10.3.1/../../../../arm-none-eabi/lib/thumb/v7e-m+fp/hard/libc_nano.a
LOAD /home/francesco/st/stm32cubeide_1.11.2_2/plugins/com.st.stm32cube.ide.mcu.externaltools.gnu-tools-for-stm32.10.3-2021.10.linux64_1.0.100.202210260954/tools/bin/../lib/gcc/arm-none-eabi/10.3.1/../../../../arm-none-eabi/lib/thumb/v7e-m+fp/hard/libnosys.a
END GROUP
START GROUP
LOAD /home/francesco/st/stm32cubeide_1.11.2_2/plugins/com.st.stm32cube.ide.mcu.externaltools.gnu-tools-for-stm32.10.3-2021.10.linux64_1.0.100.202210260954/tools/bin/../lib/gcc/arm-none-eabi/10.3.1/thumb/v7e-m+fp/hard/libgcc.a
LOAD /home/francesco/st/stm32cubeide_1.11.2_2/plugins/com.st.stm32cube.ide.mcu.externaltools.gnu-tools-for-stm32.10.3-2021.10.linux64_1.0.100.202210260954/tools/bin/../lib/gcc/arm-none-eabi/10.3.1/../../../../arm-none-eabi/lib/thumb/v7e-m+fp/hard/libc_nano.a
LOAD /home/francesco/st/stm32cubeide_1.11.2_2/plugins/com.st.stm32cube.ide.mcu.externaltools.gnu-tools-for-stm32.10.3-2021.10.linux64_1.0.100.202210260954/tools/bin/../lib/gcc/arm-none-eabi/10.3.1/../../../../arm-none-eabi/lib/thumb/v7e-m+fp/hard/libnosys.a
END GROUP
LOAD /home/francesco/st/stm32cubeide_1.11.2_2/plugins/com.st.stm32cube.ide.mcu.externaltools.gnu-tools-for-stm32.10.3-2021.10.linux64_1.0.100.202210260954/tools/bin/../lib/gcc/arm-none-eabi/10.3.1/thumb/v7e-m+fp/hard/crtend.o
LOAD /home/francesco/st/stm32cubeide_1.11.2_2/plugins/com.st.stm32cube.ide.mcu.externaltools.gnu-tools-for-stm32.10.3-2021.10.linux64_1.0.100.202210260954/tools/bin/../lib/gcc/arm-none-eabi/10.3.1/thumb/v7e-m+fp/hard/crtn.o
                0x0000000020030000                _estack = (ORIGIN (RAM) + LENGTH (RAM))
                0x0000000000000200                _Min_Heap_Size = 0x200
                0x0000000000000400                _Min_Stack_Size = 0x400

.isr_vector     0x0000000008000000      0x1ac
                0x0000000008000000                . = ALIGN (0x4)
 *(.isr_vector)
 .isr_vector    0x0000000008000000      0x1ac ./Core/Startup/startup_stm32f429zitx.o
                0x0000000008000000                g_pfnVectors
                0x00000000080001ac                . = ALIGN (0x4)

.text           0x00000000080001b0     0x68e4
                0x00000000080001b0                . = ALIGN (0x4)
 *(.text)
 .text          0x00000000080001b0       0x40 /home/francesco/st/stm32cubeide_1.11.2_2/plugins/com.st.stm32cube.ide.mcu.externaltools.gnu-tools-for-stm32.10.3-2021.10.linux64_1.0.100.202210260954/tools/bin/../lib/gcc/arm-none-eabi/10.3.1/thumb/v7e-m+fp/hard/crtbegin.o
 .text          0x00000000080001f0       0x10 /home/francesco/st/stm32cubeide_1.11.2_2/plugins/com.st.stm32cube.ide.mcu.externaltools.gnu-tools-for-stm32.10.3-2021.10.linux64_1.0.100.202210260954/tools/bin/../lib/gcc/arm-none-eabi/10.3.1/../../../../arm-none-eabi/lib/thumb/v7e-m+fp/hard/libc_nano.a(lib_a-strlen.o)
                0x00000000080001f0                strlen
 .text          0x0000000008000200       0xa0 /home/francesco/st/stm32cubeide_1.11.2_2/plugins/com.st.stm32cube.ide.mcu.externaltools.gnu-tools-for-stm32.10.3-2021.10.linux64_1.0.100.202210260954/tools/bin/../lib/gcc/arm-none-eabi/10.3.1/../../../../arm-none-eabi/lib/thumb/v7e-m+fp/hard/libc_nano.a(lib_a-memchr.o)
                0x0000000008000200                memchr
 .text          0x00000000080002a0      0x378 /home/francesco/st/stm32cubeide_1.11.2_2/plugins/com.st.stm32cube.ide.mcu.externaltools.gnu-tools-for-stm32.10.3-2021.10.linux64_1.0.100.202210260954/tools/bin/../lib/gcc/arm-none-eabi/10.3.1/thumb/v7e-m+fp/hard/libgcc.a(_arm_addsubdf3.o)
                0x00000000080002a0                __aeabi_drsub
                0x00000000080002a8                __aeabi_dsub
                0x00000000080002a8                __subdf3
                0x00000000080002ac                __adddf3
                0x00000000080002ac                __aeabi_dadd
                0x0000000008000524                __aeabi_ui2d
                0x0000000008000524                __floatunsidf
                0x0000000008000544                __floatsidf
                0x0000000008000544                __aeabi_i2d
                0x0000000008000568                __extendsfdf2
                0x0000000008000568                __aeabi_f2d
                0x00000000080005ac                __aeabi_ul2d
                0x00000000080005ac                __floatundidf
                0x00000000080005bc                __floatdidf
                0x00000000080005bc                __aeabi_l2d
 .text          0x0000000008000618      0x424 /home/francesco/st/stm32cubeide_1.11.2_2/plugins/com.st.stm32cube.ide.mcu.externaltools.gnu-tools-for-stm32.10.3-2021.10.linux64_1.0.100.202210260954/tools/bin/../lib/gcc/arm-none-eabi/10.3.1/thumb/v7e-m+fp/hard/libgcc.a(_arm_muldivdf3.o)
                0x0000000008000618                __aeabi_dmul
                0x0000000008000618                __muldf3
                0x000000000800086c                __aeabi_ddiv
                0x000000000800086c                __divdf3
 .text          0x0000000008000a3c      0x110 /home/francesco/st/stm32cubeide_1.11.2_2/plugins/com.st.stm32cube.ide.mcu.externaltools.gnu-tools-for-stm32.10.3-2021.10.linux64_1.0.100.202210260954/tools/bin/../lib/gcc/arm-none-eabi/10.3.1/thumb/v7e-m+fp/hard/libgcc.a(_arm_cmpdf2.o)
                0x0000000008000a3c                __gtdf2
                0x0000000008000a3c                __gedf2
                0x0000000008000a44                __ltdf2
                0x0000000008000a44                __ledf2
                0x0000000008000a4c                __cmpdf2
                0x0000000008000a4c                __eqdf2
                0x0000000008000a4c                __nedf2
                0x0000000008000ac8                __aeabi_cdrcmple
                0x0000000008000ad8                __aeabi_cdcmple
                0x0000000008000ad8                __aeabi_cdcmpeq
                0x0000000008000ae8                __aeabi_dcmpeq
                0x0000000008000afc                __aeabi_dcmplt
                0x0000000008000b10                __aeabi_dcmple
                0x0000000008000b24                __aeabi_dcmpge
                0x0000000008000b38                __aeabi_dcmpgt
 .text          0x0000000008000b4c       0x50 /home/francesco/st/stm32cubeide_1.11.2_2/plugins/com.st.stm32cube.ide.mcu.externaltools.gnu-tools-for-stm32.10.3-2021.10.linux64_1.0.100.202210260954/tools/bin/../lib/gcc/arm-none-eabi/10.3.1/thumb/v7e-m+fp/hard/libgcc.a(_arm_fixdfsi.o)
                0x0000000008000b4c                __fixdfsi
                0x0000000008000b4c                __aeabi_d2iz
 .text          0x0000000008000b9c       0x40 /home/francesco/st/stm32cubeide_1.11.2_2/plugins/com.st.stm32cube.ide.mcu.externaltools.gnu-tools-for-stm32.10.3-2021.10.linux64_1.0.100.202210260954/tools/bin/../lib/gcc/arm-none-eabi/10.3.1/thumb/v7e-m+fp/hard/libgcc.a(_arm_fixunsdfsi.o)
                0x0000000008000b9c                __fixunsdfsi
                0x0000000008000b9c                __aeabi_d2uiz
 .text          0x0000000008000bdc       0x30 /home/francesco/st/stm32cubeide_1.11.2_2/plugins/com.st.stm32cube.ide.mcu.externaltools.gnu-tools-for-stm32.10.3-2021.10.linux64_1.0.100.202210260954/tools/bin/../lib/gcc/arm-none-eabi/10.3.1/thumb/v7e-m+fp/hard/libgcc.a(_aeabi_uldivmod.o)
                0x0000000008000bdc                __aeabi_uldivmod
 .text          0x0000000008000c0c      0x2d0 /home/francesco/st/stm32cubeide_1.11.2_2/plugins/com.st.stm32cube.ide.mcu.externaltools.gnu-tools-for-stm32.10.3-2021.10.linux64_1.0.100.202210260954/tools/bin/../lib/gcc/arm-none-eabi/10.3.1/thumb/v7e-m+fp/hard/libgcc.a(_udivmoddi4.o)
                0x0000000008000c0c                __udivmoddi4
 .text          0x0000000008000edc        0x4 /home/francesco/st/stm32cubeide_1.11.2_2/plugins/com.st.stm32cube.ide.mcu.externaltools.gnu-tools-for-stm32.10.3-2021.10.linux64_1.0.100.202210260954/tools/bin/../lib/gcc/arm-none-eabi/10.3.1/thumb/v7e-m+fp/hard/libgcc.a(_dvmd_tls.o)
                0x0000000008000edc                __aeabi_ldiv0
                0x0000000008000edc                __aeabi_idiv0
 *(.text*)
 .text.main     0x0000000008000ee0       0x1a ./Core/Src/main.o
                0x0000000008000ee0                main
 *fill*         0x0000000008000efa        0x2 
 .text.SystemClock_Config
                0x0000000008000efc       0xd4 ./Core/Src/main.o
                0x0000000008000efc                SystemClock_Config
 .text.MX_GPIO_Init
                0x0000000008000fd0      0x21c ./Core/Src/main.o
 .text.Error_Handler
                0x00000000080011ec        0xa ./Core/Src/main.o
                0x00000000080011ec                Error_Handler
 *fill*         0x00000000080011f6        0x2 
 .text.HAL_MspInit
                0x00000000080011f8       0x50 ./Core/Src/stm32f4xx_hal_msp.o
                0x00000000080011f8                HAL_MspInit
 .text.HAL_I2C_MspInit
                0x0000000008001248       0x90 ./Core/Src/stm32f4xx_hal_msp.o
                0x0000000008001248                HAL_I2C_MspInit
 .text.NMI_Handler
                0x00000000080012d8        0x6 ./Core/Src/stm32f4xx_it.o
                0x00000000080012d8                NMI_Handler
 .text.HardFault_Handler
                0x00000000080012de        0x6 ./Core/Src/stm32f4xx_it.o
                0x00000000080012de                HardFault_Handler
 .text.MemManage_Handler
                0x00000000080012e4        0x6 ./Core/Src/stm32f4xx_it.o
                0x00000000080012e4                MemManage_Handler
 .text.BusFault_Handler
                0x00000000080012ea        0x6 ./Core/Src/stm32f4xx_it.o
                0x00000000080012ea                BusFault_Handler
 .text.UsageFault_Handler
                0x00000000080012f0        0x6 ./Core/Src/stm32f4xx_it.o
                0x00000000080012f0                UsageFault_Handler
 .text.SVC_Handler
                0x00000000080012f6        0xe ./Core/Src/stm32f4xx_it.o
                0x00000000080012f6                SVC_Handler
 .text.DebugMon_Handler
                0x0000000008001304        0xe ./Core/Src/stm32f4xx_it.o
                0x0000000008001304                DebugMon_Handler
 .text.PendSV_Handler
                0x0000000008001312        0xe ./Core/Src/stm32f4xx_it.o
                0x0000000008001312                PendSV_Handler
 .text.SysTick_Handler
                0x0000000008001320        0xc ./Core/Src/stm32f4xx_it.o
                0x0000000008001320                SysTick_Handler
 .text._getpid  0x000000000800132c       0x10 ./Core/Src/syscalls.o
                0x000000000800132c                _getpid
 .text._kill    0x000000000800133c       0x20 ./Core/Src/syscalls.o
                0x000000000800133c                _kill
 .text._exit    0x000000000800135c       0x14 ./Core/Src/syscalls.o
                0x000000000800135c                _exit
 .text._read    0x0000000008001370       0x3a ./Core/Src/syscalls.o
                0x0000000008001370                _read
 .text._write   0x00000000080013aa       0x38 ./Core/Src/syscalls.o
                0x00000000080013aa                _write
 .text._close   0x00000000080013e2       0x18 ./Core/Src/syscalls.o
                0x00000000080013e2                _close
 .text._fstat   0x00000000080013fa       0x20 ./Core/Src/syscalls.o
                0x00000000080013fa                _fstat
 .text._isatty  0x000000000800141a       0x16 ./Core/Src/syscalls.o
                0x000000000800141a                _isatty
 .text._lseek   0x0000000008001430       0x1a ./Core/Src/syscalls.o
                0x0000000008001430                _lseek
 *fill*         0x000000000800144a        0x2 
 .text._sbrk    0x000000000800144c       0x6c ./Core/Src/sysmem.o
                0x000000000800144c                _sbrk
 .text.SystemInit
                0x00000000080014b8       0x24 ./Core/Src/system_stm32f4xx.o
                0x00000000080014b8                SystemInit
 .text.Reset_Handler
                0x00000000080014dc       0x50 ./Core/Startup/startup_stm32f429zitx.o
                0x00000000080014dc                Reset_Handler
 .text.Default_Handler
                0x000000000800152c        0x2 ./Core/Startup/startup_stm32f429zitx.o
                0x000000000800152c                RTC_Alarm_IRQHandler
                0x000000000800152c                HASH_RNG_IRQHandler
                0x000000000800152c                EXTI2_IRQHandler
                0x000000000800152c                TIM8_CC_IRQHandler
                0x000000000800152c                UART8_IRQHandler
                0x000000000800152c                SPI4_IRQHandler
                0x000000000800152c                TIM1_CC_IRQHandler
                0x000000000800152c                DMA2_Stream5_IRQHandler
                0x000000000800152c                DMA1_Stream5_IRQHandler
                0x000000000800152c                PVD_IRQHandler
                0x000000000800152c                SDIO_IRQHandler
                0x000000000800152c                TAMP_STAMP_IRQHandler
                0x000000000800152c                CAN2_RX1_IRQHandler
                0x000000000800152c                EXTI3_IRQHandler
                0x000000000800152c                TIM8_TRG_COM_TIM14_IRQHandler
                0x000000000800152c                TIM1_UP_TIM10_IRQHandler
                0x000000000800152c                TIM8_UP_TIM13_IRQHandler
                0x000000000800152c                I2C3_ER_IRQHandler
                0x000000000800152c                EXTI0_IRQHandler
                0x000000000800152c                I2C2_EV_IRQHandler
                0x000000000800152c                DMA1_Stream2_IRQHandler
                0x000000000800152c                CAN1_RX0_IRQHandler
                0x000000000800152c                FPU_IRQHandler
                0x000000000800152c                OTG_HS_WKUP_IRQHandler
                0x000000000800152c                LTDC_ER_IRQHandler
                0x000000000800152c                CAN2_SCE_IRQHandler
                0x000000000800152c                DMA2_Stream2_IRQHandler
                0x000000000800152c                SPI1_IRQHandler
                0x000000000800152c                TIM6_DAC_IRQHandler
                0x000000000800152c                TIM1_BRK_TIM9_IRQHandler
                0x000000000800152c                DCMI_IRQHandler
                0x000000000800152c                CAN2_RX0_IRQHandler
                0x000000000800152c                DMA2_Stream3_IRQHandler
                0x000000000800152c                USART6_IRQHandler
                0x000000000800152c                USART3_IRQHandler
                0x000000000800152c                CAN1_RX1_IRQHandler
                0x000000000800152c                UART5_IRQHandler
                0x000000000800152c                DMA2_Stream0_IRQHandler
                0x000000000800152c                TIM4_IRQHandler
                0x000000000800152c                I2C1_EV_IRQHandler
                0x000000000800152c                DMA1_Stream6_IRQHandler
                0x000000000800152c                DMA1_Stream1_IRQHandler
                0x000000000800152c                UART4_IRQHandler
                0x000000000800152c                TIM3_IRQHandler
                0x000000000800152c                RCC_IRQHandler
                0x000000000800152c                TIM8_BRK_TIM12_IRQHandler
                0x000000000800152c                Default_Handler
                0x000000000800152c                EXTI15_10_IRQHandler
                0x000000000800152c                ADC_IRQHandler
                0x000000000800152c                DMA1_Stream7_IRQHandler
                0x000000000800152c                SPI5_IRQHandler
                0x000000000800152c                TIM7_IRQHandler
                0x000000000800152c                CAN2_TX_IRQHandler
                0x000000000800152c                TIM5_IRQHandler
                0x000000000800152c                DMA2_Stream7_IRQHandler
                0x000000000800152c                I2C3_EV_IRQHandler
                0x000000000800152c                EXTI9_5_IRQHandler
                0x000000000800152c                RTC_WKUP_IRQHandler
                0x000000000800152c                LTDC_IRQHandler
                0x000000000800152c                ETH_WKUP_IRQHandler
                0x000000000800152c                SPI2_IRQHandler
                0x000000000800152c                OTG_HS_EP1_IN_IRQHandler
                0x000000000800152c                DMA1_Stream0_IRQHandler
                0x000000000800152c                CAN1_TX_IRQHandler
                0x000000000800152c                EXTI4_IRQHandler
                0x000000000800152c                ETH_IRQHandler
                0x000000000800152c                OTG_HS_EP1_OUT_IRQHandler
                0x000000000800152c                WWDG_IRQHandler
                0x000000000800152c                SPI6_IRQHandler
                0x000000000800152c                TIM2_IRQHandler
                0x000000000800152c                OTG_FS_WKUP_IRQHandler
                0x000000000800152c                TIM1_TRG_COM_TIM11_IRQHandler
                0x000000000800152c                OTG_HS_IRQHandler
                0x000000000800152c                DMA2D_IRQHandler
                0x000000000800152c                EXTI1_IRQHandler
                0x000000000800152c                UART7_IRQHandler
                0x000000000800152c                USART2_IRQHandler
                0x000000000800152c                I2C2_ER_IRQHandler
                0x000000000800152c                DMA2_Stream1_IRQHandler
                0x000000000800152c                CAN1_SCE_IRQHandler
                0x000000000800152c                FLASH_IRQHandler
                0x000000000800152c                DMA2_Stream4_IRQHandler
                0x000000000800152c                USART1_IRQHandler
                0x000000000800152c                OTG_FS_IRQHandler
                0x000000000800152c                SPI3_IRQHandler
                0x000000000800152c                DMA1_Stream4_IRQHandler
                0x000000000800152c                I2C1_ER_IRQHandler
                0x000000000800152c                FMC_IRQHandler
                0x000000000800152c                DMA2_Stream6_IRQHandler
                0x000000000800152c                SAI1_IRQHandler
                0x000000000800152c                DMA1_Stream3_IRQHandler
 *fill*         0x000000000800152e        0x2 
 .text.readKey  0x0000000008001530       0x28 ./Drivers/API/Src/API_debounce.o
                0x0000000008001530                readKey
 .text.debounceFSM_init
                0x0000000008001558       0x20 ./Drivers/API/Src/API_debounce.o
                0x0000000008001558                debounceFSM_init
 .text.debounceFSM_update
                0x0000000008001578       0xcc ./Drivers/API/Src/API_debounce.o
                0x0000000008001578                debounceFSM_update
 .text.delayInit
                0x0000000008001644       0x2a ./Drivers/API/Src/API_delay.o
                0x0000000008001644                delayInit
 .text.delayRead
                0x000000000800166e       0x62 ./Drivers/API/Src/API_delay.o
                0x000000000800166e                delayRead
 .text.displayInit
                0x00000000080016d0       0xb4 ./Drivers/API/Src/API_displayOLED.o
                0x00000000080016d0                displayInit
 .text.drawOuterCircle
                0x0000000008001784       0x1c ./Drivers/API/Src/API_displayOLED.o
                0x0000000008001784                drawOuterCircle
 .text.drawArrow
                0x00000000080017a0      0x104 ./Drivers/API/Src/API_displayOLED.o
                0x00000000080017a0                drawArrow
 .text.writeData
                0x00000000080018a4      0x218 ./Drivers/API/Src/API_displayOLED.o
                0x00000000080018a4                writeData
 .text.magnetometerInit
                0x0000000008001abc        0xe ./Drivers/API/Src/API_magnetometer.o
                0x0000000008001abc                magnetometerInit
 *fill*         0x0000000008001aca        0x2 
 .text.readMagnetometer
                0x0000000008001acc       0xe4 ./Drivers/API/Src/API_magnetometer.o
                0x0000000008001acc                readMagnetometer
 .text.calculateArrowAngle
                0x0000000008001bb0      0x120 ./Drivers/API/Src/API_magnetometer.o
                0x0000000008001bb0                calculateArrowAngle
 .text.systemInit
                0x0000000008001cd0       0x60 ./Drivers/API/Src/API_system.o
                0x0000000008001cd0                systemInit
 .text.systemUpdate
                0x0000000008001d30      0x140 ./Drivers/API/Src/API_system.o
                0x0000000008001d30                systemUpdate
 .text.BSP_PB_Init
                0x0000000008001e70       0xac ./Drivers/BSP/STM32F4xx_Nucleo_144/stm32f4xx_nucleo_144.o
                0x0000000008001e70                BSP_PB_Init
 .text.BSP_PB_GetState
                0x0000000008001f1c       0x2c ./Drivers/BSP/STM32F4xx_Nucleo_144/stm32f4xx_nucleo_144.o
                0x0000000008001f1c                BSP_PB_GetState
 .text.SSD1306_Init
                0x0000000008001f48      0x160 ./Drivers/SSD1306/Src/ssd1306.o
                0x0000000008001f48                SSD1306_Init
 .text.SSD1306_UpdateScreen
                0x00000000080020a8       0x5c ./Drivers/SSD1306/Src/ssd1306.o
                0x00000000080020a8                SSD1306_UpdateScreen
 .text.SSD1306_Fill
                0x0000000008002104       0x30 ./Drivers/SSD1306/Src/ssd1306.o
                0x0000000008002104                SSD1306_Fill
 .text.SSD1306_DrawPixel
                0x0000000008002134       0xc0 ./Drivers/SSD1306/Src/ssd1306.o
                0x0000000008002134                SSD1306_DrawPixel
 .text.SSD1306_GotoXY
                0x00000000080021f4       0x30 ./Drivers/SSD1306/Src/ssd1306.o
                0x00000000080021f4                SSD1306_GotoXY
 .text.SSD1306_Putc
                0x0000000008002224      0x104 ./Drivers/SSD1306/Src/ssd1306.o
                0x0000000008002224                SSD1306_Putc
 .text.SSD1306_Puts
                0x0000000008002328       0x4a ./Drivers/SSD1306/Src/ssd1306.o
                0x0000000008002328                SSD1306_Puts
 .text.SSD1306_DrawLine
                0x0000000008002372      0x1f6 ./Drivers/SSD1306/Src/ssd1306.o
                0x0000000008002372                SSD1306_DrawLine
 .text.SSD1306_DrawCircle
                0x0000000008002568      0x1a8 ./Drivers/SSD1306/Src/ssd1306.o
                0x0000000008002568                SSD1306_DrawCircle
 .text.SSD1306_Clear
                0x0000000008002710       0x12 ./Drivers/SSD1306/Src/ssd1306.o
                0x0000000008002710                SSD1306_Clear
 *fill*         0x0000000008002722        0x2 
 .text.MX_I2C1_Init
                0x0000000008002724       0x5c ./Drivers/SSD1306/Src/ssd1306_port.o
 .text.Error_Handler
                0x0000000008002780        0x6 ./Drivers/SSD1306/Src/ssd1306_port.o
 *fill*         0x0000000008002786        0x2 
 .text.ssd1306_I2C_Init
                0x0000000008002788       0x40 ./Drivers/SSD1306/Src/ssd1306_port.o
                0x0000000008002788                ssd1306_I2C_Init
 .text.ssd1306_I2C_WriteMulti
                0x00000000080027c8       0xdc ./Drivers/SSD1306/Src/ssd1306_port.o
                0x00000000080027c8                ssd1306_I2C_WriteMulti
 .text.ssd1306_I2C_Write
                0x00000000080028a4       0x40 ./Drivers/SSD1306/Src/ssd1306_port.o
                0x00000000080028a4                ssd1306_I2C_Write
 .text.HAL_Init
                0x00000000080028e4       0x44 ./Drivers/STM32F4xx_HAL_Driver/Src/stm32f4xx_hal.o
                0x00000000080028e4                HAL_Init
 .text.HAL_InitTick
                0x0000000008002928       0x60 ./Drivers/STM32F4xx_HAL_Driver/Src/stm32f4xx_hal.o
                0x0000000008002928                HAL_InitTick
 .text.HAL_IncTick
                0x0000000008002988       0x28 ./Drivers/STM32F4xx_HAL_Driver/Src/stm32f4xx_hal.o
                0x0000000008002988                HAL_IncTick
 .text.HAL_GetTick
                0x00000000080029b0       0x18 ./Drivers/STM32F4xx_HAL_Driver/Src/stm32f4xx_hal.o
                0x00000000080029b0                HAL_GetTick
 .text.HAL_Delay
                0x00000000080029c8       0x48 ./Drivers/STM32F4xx_HAL_Driver/Src/stm32f4xx_hal.o
                0x00000000080029c8                HAL_Delay
 .text.__NVIC_SetPriorityGrouping
                0x0000000008002a10       0x48 ./Drivers/STM32F4xx_HAL_Driver/Src/stm32f4xx_hal_cortex.o
 .text.__NVIC_GetPriorityGrouping
                0x0000000008002a58       0x1c ./Drivers/STM32F4xx_HAL_Driver/Src/stm32f4xx_hal_cortex.o
 .text.__NVIC_EnableIRQ
                0x0000000008002a74       0x3c ./Drivers/STM32F4xx_HAL_Driver/Src/stm32f4xx_hal_cortex.o
 .text.__NVIC_SetPriority
                0x0000000008002ab0       0x54 ./Drivers/STM32F4xx_HAL_Driver/Src/stm32f4xx_hal_cortex.o
 .text.NVIC_EncodePriority
                0x0000000008002b04       0x66 ./Drivers/STM32F4xx_HAL_Driver/Src/stm32f4xx_hal_cortex.o
 *fill*         0x0000000008002b6a        0x2 
 .text.SysTick_Config
                0x0000000008002b6c       0x44 ./Drivers/STM32F4xx_HAL_Driver/Src/stm32f4xx_hal_cortex.o
 .text.HAL_NVIC_SetPriorityGrouping
                0x0000000008002bb0       0x16 ./Drivers/STM32F4xx_HAL_Driver/Src/stm32f4xx_hal_cortex.o
                0x0000000008002bb0                HAL_NVIC_SetPriorityGrouping
 .text.HAL_NVIC_SetPriority
                0x0000000008002bc6       0x38 ./Drivers/STM32F4xx_HAL_Driver/Src/stm32f4xx_hal_cortex.o
                0x0000000008002bc6                HAL_NVIC_SetPriority
 .text.HAL_NVIC_EnableIRQ
                0x0000000008002bfe       0x1c ./Drivers/STM32F4xx_HAL_Driver/Src/stm32f4xx_hal_cortex.o
                0x0000000008002bfe                HAL_NVIC_EnableIRQ
 .text.HAL_SYSTICK_Config
                0x0000000008002c1a       0x18 ./Drivers/STM32F4xx_HAL_Driver/Src/stm32f4xx_hal_cortex.o
                0x0000000008002c1a                HAL_SYSTICK_Config
 *fill*         0x0000000008002c32        0x2 
 .text.HAL_GPIO_Init
                0x0000000008002c34      0x358 ./Drivers/STM32F4xx_HAL_Driver/Src/stm32f4xx_hal_gpio.o
                0x0000000008002c34                HAL_GPIO_Init
 .text.HAL_GPIO_ReadPin
                0x0000000008002f8c       0x30 ./Drivers/STM32F4xx_HAL_Driver/Src/stm32f4xx_hal_gpio.o
                0x0000000008002f8c                HAL_GPIO_ReadPin
 .text.HAL_GPIO_WritePin
                0x0000000008002fbc       0x32 ./Drivers/STM32F4xx_HAL_Driver/Src/stm32f4xx_hal_gpio.o
                0x0000000008002fbc                HAL_GPIO_WritePin
 *fill*         0x0000000008002fee        0x2 
 .text.HAL_I2C_Init
                0x0000000008002ff0      0x288 ./Drivers/STM32F4xx_HAL_Driver/Src/stm32f4xx_hal_i2c.o
                0x0000000008002ff0                HAL_I2C_Init
 .text.HAL_I2C_Master_Transmit
                0x0000000008003278      0x1fc ./Drivers/STM32F4xx_HAL_Driver/Src/stm32f4xx_hal_i2c.o
                0x0000000008003278                HAL_I2C_Master_Transmit
 .text.HAL_I2C_IsDeviceReady
                0x0000000008003474      0x25c ./Drivers/STM32F4xx_HAL_Driver/Src/stm32f4xx_hal_i2c.o
                0x0000000008003474                HAL_I2C_IsDeviceReady
 .text.I2C_MasterRequestWrite
                0x00000000080036d0      0x104 ./Drivers/STM32F4xx_HAL_Driver/Src/stm32f4xx_hal_i2c.o
 .text.I2C_WaitOnFlagUntilTimeout
                0x00000000080037d4       0xae ./Drivers/STM32F4xx_HAL_Driver/Src/stm32f4xx_hal_i2c.o
 .text.I2C_WaitOnMasterAddressFlagUntilTimeout
                0x0000000008003882       0xfe ./Drivers/STM32F4xx_HAL_Driver/Src/stm32f4xx_hal_i2c.o
 .text.I2C_WaitOnTXEFlagUntilTimeout
                0x0000000008003980       0x82 ./Drivers/STM32F4xx_HAL_Driver/Src/stm32f4xx_hal_i2c.o
 .text.I2C_WaitOnBTFFlagUntilTimeout
                0x0000000008003a02       0x82 ./Drivers/STM32F4xx_HAL_Driver/Src/stm32f4xx_hal_i2c.o
 .text.I2C_IsAcknowledgeFailed
                0x0000000008003a84       0x5e ./Drivers/STM32F4xx_HAL_Driver/Src/stm32f4xx_hal_i2c.o
 *fill*         0x0000000008003ae2        0x2 
 .text.HAL_RCC_OscConfig
                0x0000000008003ae4      0x4f0 ./Drivers/STM32F4xx_HAL_Driver/Src/stm32f4xx_hal_rcc.o
                0x0000000008003ae4                HAL_RCC_OscConfig
 .text.HAL_RCC_ClockConfig
                0x0000000008003fd4      0x1cc ./Drivers/STM32F4xx_HAL_Driver/Src/stm32f4xx_hal_rcc.o
                0x0000000008003fd4                HAL_RCC_ClockConfig
 .text.HAL_RCC_GetSysClockFreq
                0x00000000080041a0      0x20c ./Drivers/STM32F4xx_HAL_Driver/Src/stm32f4xx_hal_rcc.o
                0x00000000080041a0                HAL_RCC_GetSysClockFreq
 .text.HAL_RCC_GetHCLKFreq
                0x00000000080043ac       0x18 ./Drivers/STM32F4xx_HAL_Driver/Src/stm32f4xx_hal_rcc.o
                0x00000000080043ac                HAL_RCC_GetHCLKFreq
 .text.HAL_RCC_GetPCLK1Freq
                0x00000000080043c4       0x28 ./Drivers/STM32F4xx_HAL_Driver/Src/stm32f4xx_hal_rcc.o
                0x00000000080043c4                HAL_RCC_GetPCLK1Freq
 .text.__errno  0x00000000080043ec        0xc /home/francesco/st/stm32cubeide_1.11.2_2/plugins/com.st.stm32cube.ide.mcu.externaltools.gnu-tools-for-stm32.10.3-2021.10.linux64_1.0.100.202210260954/tools/bin/../lib/gcc/arm-none-eabi/10.3.1/../../../../arm-none-eabi/lib/thumb/v7e-m+fp/hard/libc_nano.a(lib_a-errno.o)
                0x00000000080043ec                __errno
 .text.__libc_init_array
                0x00000000080043f8       0x48 /home/francesco/st/stm32cubeide_1.11.2_2/plugins/com.st.stm32cube.ide.mcu.externaltools.gnu-tools-for-stm32.10.3-2021.10.linux64_1.0.100.202210260954/tools/bin/../lib/gcc/arm-none-eabi/10.3.1/../../../../arm-none-eabi/lib/thumb/v7e-m+fp/hard/libc_nano.a(lib_a-init.o)
                0x00000000080043f8                __libc_init_array
 .text.__itoa   0x0000000008004440       0x30 /home/francesco/st/stm32cubeide_1.11.2_2/plugins/com.st.stm32cube.ide.mcu.externaltools.gnu-tools-for-stm32.10.3-2021.10.linux64_1.0.100.202210260954/tools/bin/../lib/gcc/arm-none-eabi/10.3.1/../../../../arm-none-eabi/lib/thumb/v7e-m+fp/hard/libc_nano.a(lib_a-itoa.o)
                0x0000000008004440                __itoa
 .text.itoa     0x0000000008004470        0x4 /home/francesco/st/stm32cubeide_1.11.2_2/plugins/com.st.stm32cube.ide.mcu.externaltools.gnu-tools-for-stm32.10.3-2021.10.linux64_1.0.100.202210260954/tools/bin/../lib/gcc/arm-none-eabi/10.3.1/../../../../arm-none-eabi/lib/thumb/v7e-m+fp/hard/libc_nano.a(lib_a-itoa.o)
                0x0000000008004470                itoa
 .text.memset   0x0000000008004474       0x10 /home/francesco/st/stm32cubeide_1.11.2_2/plugins/com.st.stm32cube.ide.mcu.externaltools.gnu-tools-for-stm32.10.3-2021.10.linux64_1.0.100.202210260954/tools/bin/../lib/gcc/arm-none-eabi/10.3.1/../../../../arm-none-eabi/lib/thumb/v7e-m+fp/hard/libc_nano.a(lib_a-memset.o)
                0x0000000008004474                memset
 .text.srand    0x0000000008004484       0x5c /home/francesco/st/stm32cubeide_1.11.2_2/plugins/com.st.stm32cube.ide.mcu.externaltools.gnu-tools-for-stm32.10.3-2021.10.linux64_1.0.100.202210260954/tools/bin/../lib/gcc/arm-none-eabi/10.3.1/../../../../arm-none-eabi/lib/thumb/v7e-m+fp/hard/libc_nano.a(lib_a-rand.o)
                0x0000000008004484                srand
 .text.rand     0x00000000080044e0       0x7c /home/francesco/st/stm32cubeide_1.11.2_2/plugins/com.st.stm32cube.ide.mcu.externaltools.gnu-tools-for-stm32.10.3-2021.10.linux64_1.0.100.202210260954/tools/bin/../lib/gcc/arm-none-eabi/10.3.1/../../../../arm-none-eabi/lib/thumb/v7e-m+fp/hard/libc_nano.a(lib_a-rand.o)
                0x00000000080044e0                rand
 .text.strcat   0x000000000800455c       0x1e /home/francesco/st/stm32cubeide_1.11.2_2/plugins/com.st.stm32cube.ide.mcu.externaltools.gnu-tools-for-stm32.10.3-2021.10.linux64_1.0.100.202210260954/tools/bin/../lib/gcc/arm-none-eabi/10.3.1/../../../../arm-none-eabi/lib/thumb/v7e-m+fp/hard/libc_nano.a(lib_a-strcat.o)
                0x000000000800455c                strcat
 *fill*         0x000000000800457a        0x2 
 .text.__utoa   0x000000000800457c       0x84 /home/francesco/st/stm32cubeide_1.11.2_2/plugins/com.st.stm32cube.ide.mcu.externaltools.gnu-tools-for-stm32.10.3-2021.10.linux64_1.0.100.202210260954/tools/bin/../lib/gcc/arm-none-eabi/10.3.1/../../../../arm-none-eabi/lib/thumb/v7e-m+fp/hard/libc_nano.a(lib_a-utoa.o)
                0x000000000800457c                __utoa
 .text.__assert_func
                0x0000000008004600       0x3c /home/francesco/st/stm32cubeide_1.11.2_2/plugins/com.st.stm32cube.ide.mcu.externaltools.gnu-tools-for-stm32.10.3-2021.10.linux64_1.0.100.202210260954/tools/bin/../lib/gcc/arm-none-eabi/10.3.1/../../../../arm-none-eabi/lib/thumb/v7e-m+fp/hard/libc_nano.a(lib_a-assert.o)
                0x0000000008004600                __assert_func
 .text.fprintf  0x000000000800463c       0x24 /home/francesco/st/stm32cubeide_1.11.2_2/plugins/com.st.stm32cube.ide.mcu.externaltools.gnu-tools-for-stm32.10.3-2021.10.linux64_1.0.100.202210260954/tools/bin/../lib/gcc/arm-none-eabi/10.3.1/../../../../arm-none-eabi/lib/thumb/v7e-m+fp/hard/libc_nano.a(lib_a-fprintf.o)
                0x000000000800463c                fprintf
                0x000000000800463c                fiprintf
 .text.malloc   0x0000000008004660       0x10 /home/francesco/st/stm32cubeide_1.11.2_2/plugins/com.st.stm32cube.ide.mcu.externaltools.gnu-tools-for-stm32.10.3-2021.10.linux64_1.0.100.202210260954/tools/bin/../lib/gcc/arm-none-eabi/10.3.1/../../../../arm-none-eabi/lib/thumb/v7e-m+fp/hard/libc_nano.a(lib_a-malloc.o)
                0x0000000008004660                malloc
 .text._free_r  0x0000000008004670       0x98 /home/francesco/st/stm32cubeide_1.11.2_2/plugins/com.st.stm32cube.ide.mcu.externaltools.gnu-tools-for-stm32.10.3-2021.10.linux64_1.0.100.202210260954/tools/bin/../lib/gcc/arm-none-eabi/10.3.1/../../../../arm-none-eabi/lib/thumb/v7e-m+fp/hard/libc_nano.a(lib_a-nano-freer.o)
                0x0000000008004670                _free_r
 .text.sbrk_aligned
                0x0000000008004708       0x40 /home/francesco/st/stm32cubeide_1.11.2_2/plugins/com.st.stm32cube.ide.mcu.externaltools.gnu-tools-for-stm32.10.3-2021.10.linux64_1.0.100.202210260954/tools/bin/../lib/gcc/arm-none-eabi/10.3.1/../../../../arm-none-eabi/lib/thumb/v7e-m+fp/hard/libc_nano.a(lib_a-nano-mallocr.o)
 .text._malloc_r
                0x0000000008004748       0xe8 /home/francesco/st/stm32cubeide_1.11.2_2/plugins/com.st.stm32cube.ide.mcu.externaltools.gnu-tools-for-stm32.10.3-2021.10.linux64_1.0.100.202210260954/tools/bin/../lib/gcc/arm-none-eabi/10.3.1/../../../../arm-none-eabi/lib/thumb/v7e-m+fp/hard/libc_nano.a(lib_a-nano-mallocr.o)
                0x0000000008004748                _malloc_r
 .text.__sfputc_r
                0x0000000008004830       0x2e /home/francesco/st/stm32cubeide_1.11.2_2/plugins/com.st.stm32cube.ide.mcu.externaltools.gnu-tools-for-stm32.10.3-2021.10.linux64_1.0.100.202210260954/tools/bin/../lib/gcc/arm-none-eabi/10.3.1/../../../../arm-none-eabi/lib/thumb/v7e-m+fp/hard/libc_nano.a(lib_a-nano-vfprintf.o)
 .text.__sfputs_r
                0x000000000800485e       0x24 /home/francesco/st/stm32cubeide_1.11.2_2/plugins/com.st.stm32cube.ide.mcu.externaltools.gnu-tools-for-stm32.10.3-2021.10.linux64_1.0.100.202210260954/tools/bin/../lib/gcc/arm-none-eabi/10.3.1/../../../../arm-none-eabi/lib/thumb/v7e-m+fp/hard/libc_nano.a(lib_a-nano-vfprintf.o)
                0x000000000800485e                __sfputs_r
 *fill*         0x0000000008004882        0x2 
 .text._vfprintf_r
                0x0000000008004884      0x260 /home/francesco/st/stm32cubeide_1.11.2_2/plugins/com.st.stm32cube.ide.mcu.externaltools.gnu-tools-for-stm32.10.3-2021.10.linux64_1.0.100.202210260954/tools/bin/../lib/gcc/arm-none-eabi/10.3.1/../../../../arm-none-eabi/lib/thumb/v7e-m+fp/hard/libc_nano.a(lib_a-nano-vfprintf.o)
                0x0000000008004884                _vfiprintf_r
                0x0000000008004884                _vfprintf_r
 .text._printf_common
                0x0000000008004ae4       0xda /home/francesco/st/stm32cubeide_1.11.2_2/plugins/com.st.stm32cube.ide.mcu.externaltools.gnu-tools-for-stm32.10.3-2021.10.linux64_1.0.100.202210260954/tools/bin/../lib/gcc/arm-none-eabi/10.3.1/../../../../arm-none-eabi/lib/thumb/v7e-m+fp/hard/libc_nano.a(lib_a-nano-vfprintf_i.o)
                0x0000000008004ae4                _printf_common
 *fill*         0x0000000008004bbe        0x2 
 .text._printf_i
                0x0000000008004bc0      0x24c /home/francesco/st/stm32cubeide_1.11.2_2/plugins/com.st.stm32cube.ide.mcu.externaltools.gnu-tools-for-stm32.10.3-2021.10.linux64_1.0.100.202210260954/tools/bin/../lib/gcc/arm-none-eabi/10.3.1/../../../../arm-none-eabi/lib/thumb/v7e-m+fp/hard/libc_nano.a(lib_a-nano-vfprintf_i.o)
                0x0000000008004bc0                _printf_i
 .text._sbrk_r  0x0000000008004e0c       0x20 /home/francesco/st/stm32cubeide_1.11.2_2/plugins/com.st.stm32cube.ide.mcu.externaltools.gnu-tools-for-stm32.10.3-2021.10.linux64_1.0.100.202210260954/tools/bin/../lib/gcc/arm-none-eabi/10.3.1/../../../../arm-none-eabi/lib/thumb/v7e-m+fp/hard/libc_nano.a(lib_a-sbrkr.o)
                0x0000000008004e0c                _sbrk_r
 .text.__swbuf_r
                0x0000000008004e2c       0xa4 /home/francesco/st/stm32cubeide_1.11.2_2/plugins/com.st.stm32cube.ide.mcu.externaltools.gnu-tools-for-stm32.10.3-2021.10.linux64_1.0.100.202210260954/tools/bin/../lib/gcc/arm-none-eabi/10.3.1/../../../../arm-none-eabi/lib/thumb/v7e-m+fp/hard/libc_nano.a(lib_a-wbuf.o)
                0x0000000008004e2c                __swbuf_r
 .text.__swsetup_r
                0x0000000008004ed0       0xdc /home/francesco/st/stm32cubeide_1.11.2_2/plugins/com.st.stm32cube.ide.mcu.externaltools.gnu-tools-for-stm32.10.3-2021.10.linux64_1.0.100.202210260954/tools/bin/../lib/gcc/arm-none-eabi/10.3.1/../../../../arm-none-eabi/lib/thumb/v7e-m+fp/hard/libc_nano.a(lib_a-wsetup.o)
                0x0000000008004ed0                __swsetup_r
 .text.abort    0x0000000008004fac        0xe /home/francesco/st/stm32cubeide_1.11.2_2/plugins/com.st.stm32cube.ide.mcu.externaltools.gnu-tools-for-stm32.10.3-2021.10.linux64_1.0.100.202210260954/tools/bin/../lib/gcc/arm-none-eabi/10.3.1/../../../../arm-none-eabi/lib/thumb/v7e-m+fp/hard/libc_nano.a(lib_a-abort.o)
                0x0000000008004fac                abort
 *fill*         0x0000000008004fba        0x2 
 .text.__sflush_r
                0x0000000008004fbc      0x10c /home/francesco/st/stm32cubeide_1.11.2_2/plugins/com.st.stm32cube.ide.mcu.externaltools.gnu-tools-for-stm32.10.3-2021.10.linux64_1.0.100.202210260954/tools/bin/../lib/gcc/arm-none-eabi/10.3.1/../../../../arm-none-eabi/lib/thumb/v7e-m+fp/hard/libc_nano.a(lib_a-fflush.o)
                0x0000000008004fbc                __sflush_r
 .text._fflush_r
                0x00000000080050c8       0x78 /home/francesco/st/stm32cubeide_1.11.2_2/plugins/com.st.stm32cube.ide.mcu.externaltools.gnu-tools-for-stm32.10.3-2021.10.linux64_1.0.100.202210260954/tools/bin/../lib/gcc/arm-none-eabi/10.3.1/../../../../arm-none-eabi/lib/thumb/v7e-m+fp/hard/libc_nano.a(lib_a-fflush.o)
                0x00000000080050c8                _fflush_r
 .text.std      0x0000000008005140       0x48 /home/francesco/st/stm32cubeide_1.11.2_2/plugins/com.st.stm32cube.ide.mcu.externaltools.gnu-tools-for-stm32.10.3-2021.10.linux64_1.0.100.202210260954/tools/bin/../lib/gcc/arm-none-eabi/10.3.1/../../../../arm-none-eabi/lib/thumb/v7e-m+fp/hard/libc_nano.a(lib_a-findfp.o)
 .text._cleanup_r
                0x0000000008005188        0xc /home/francesco/st/stm32cubeide_1.11.2_2/plugins/com.st.stm32cube.ide.mcu.externaltools.gnu-tools-for-stm32.10.3-2021.10.linux64_1.0.100.202210260954/tools/bin/../lib/gcc/arm-none-eabi/10.3.1/../../../../arm-none-eabi/lib/thumb/v7e-m+fp/hard/libc_nano.a(lib_a-findfp.o)
                0x0000000008005188                _cleanup_r
 .text.__sfmoreglue
                0x0000000008005194       0x2c /home/francesco/st/stm32cubeide_1.11.2_2/plugins/com.st.stm32cube.ide.mcu.externaltools.gnu-tools-for-stm32.10.3-2021.10.linux64_1.0.100.202210260954/tools/bin/../lib/gcc/arm-none-eabi/10.3.1/../../../../arm-none-eabi/lib/thumb/v7e-m+fp/hard/libc_nano.a(lib_a-findfp.o)
                0x0000000008005194                __sfmoreglue
 .text.__sfp_lock_acquire
                0x00000000080051c0        0xc /home/francesco/st/stm32cubeide_1.11.2_2/plugins/com.st.stm32cube.ide.mcu.externaltools.gnu-tools-for-stm32.10.3-2021.10.linux64_1.0.100.202210260954/tools/bin/../lib/gcc/arm-none-eabi/10.3.1/../../../../arm-none-eabi/lib/thumb/v7e-m+fp/hard/libc_nano.a(lib_a-findfp.o)
                0x00000000080051c0                __sfp_lock_acquire
 .text.__sfp_lock_release
                0x00000000080051cc        0xc /home/francesco/st/stm32cubeide_1.11.2_2/plugins/com.st.stm32cube.ide.mcu.externaltools.gnu-tools-for-stm32.10.3-2021.10.linux64_1.0.100.202210260954/tools/bin/../lib/gcc/arm-none-eabi/10.3.1/../../../../arm-none-eabi/lib/thumb/v7e-m+fp/hard/libc_nano.a(lib_a-findfp.o)
                0x00000000080051cc                __sfp_lock_release
 .text.__sinit_lock_acquire
                0x00000000080051d8        0xc /home/francesco/st/stm32cubeide_1.11.2_2/plugins/com.st.stm32cube.ide.mcu.externaltools.gnu-tools-for-stm32.10.3-2021.10.linux64_1.0.100.202210260954/tools/bin/../lib/gcc/arm-none-eabi/10.3.1/../../../../arm-none-eabi/lib/thumb/v7e-m+fp/hard/libc_nano.a(lib_a-findfp.o)
                0x00000000080051d8                __sinit_lock_acquire
 .text.__sinit_lock_release
                0x00000000080051e4        0xc /home/francesco/st/stm32cubeide_1.11.2_2/plugins/com.st.stm32cube.ide.mcu.externaltools.gnu-tools-for-stm32.10.3-2021.10.linux64_1.0.100.202210260954/tools/bin/../lib/gcc/arm-none-eabi/10.3.1/../../../../arm-none-eabi/lib/thumb/v7e-m+fp/hard/libc_nano.a(lib_a-findfp.o)
                0x00000000080051e4                __sinit_lock_release
 .text.__sinit  0x00000000080051f0       0x70 /home/francesco/st/stm32cubeide_1.11.2_2/plugins/com.st.stm32cube.ide.mcu.externaltools.gnu-tools-for-stm32.10.3-2021.10.linux64_1.0.100.202210260954/tools/bin/../lib/gcc/arm-none-eabi/10.3.1/../../../../arm-none-eabi/lib/thumb/v7e-m+fp/hard/libc_nano.a(lib_a-findfp.o)
                0x00000000080051f0                __sinit
 .text.__sfp    0x0000000008005260       0x8c /home/francesco/st/stm32cubeide_1.11.2_2/plugins/com.st.stm32cube.ide.mcu.externaltools.gnu-tools-for-stm32.10.3-2021.10.linux64_1.0.100.202210260954/tools/bin/../lib/gcc/arm-none-eabi/10.3.1/../../../../arm-none-eabi/lib/thumb/v7e-m+fp/hard/libc_nano.a(lib_a-findfp.o)
                0x0000000008005260                __sfp
 .text._fwalk_reent
                0x00000000080052ec       0x3e /home/francesco/st/stm32cubeide_1.11.2_2/plugins/com.st.stm32cube.ide.mcu.externaltools.gnu-tools-for-stm32.10.3-2021.10.linux64_1.0.100.202210260954/tools/bin/../lib/gcc/arm-none-eabi/10.3.1/../../../../arm-none-eabi/lib/thumb/v7e-m+fp/hard/libc_nano.a(lib_a-fwalk.o)
                0x00000000080052ec                _fwalk_reent
 .text.__retarget_lock_init_recursive
                0x000000000800532a        0x2 /home/francesco/st/stm32cubeide_1.11.2_2/plugins/com.st.stm32cube.ide.mcu.externaltools.gnu-tools-for-stm32.10.3-2021.10.linux64_1.0.100.202210260954/tools/bin/../lib/gcc/arm-none-eabi/10.3.1/../../../../arm-none-eabi/lib/thumb/v7e-m+fp/hard/libc_nano.a(lib_a-lock.o)
                0x000000000800532a                __retarget_lock_init_recursive
 .text.__retarget_lock_acquire_recursive
                0x000000000800532c        0x2 /home/francesco/st/stm32cubeide_1.11.2_2/plugins/com.st.stm32cube.ide.mcu.externaltools.gnu-tools-for-stm32.10.3-2021.10.linux64_1.0.100.202210260954/tools/bin/../lib/gcc/arm-none-eabi/10.3.1/../../../../arm-none-eabi/lib/thumb/v7e-m+fp/hard/libc_nano.a(lib_a-lock.o)
                0x000000000800532c                __retarget_lock_acquire_recursive
 .text.__retarget_lock_release_recursive
                0x000000000800532e        0x2 /home/francesco/st/stm32cubeide_1.11.2_2/plugins/com.st.stm32cube.ide.mcu.externaltools.gnu-tools-for-stm32.10.3-2021.10.linux64_1.0.100.202210260954/tools/bin/../lib/gcc/arm-none-eabi/10.3.1/../../../../arm-none-eabi/lib/thumb/v7e-m+fp/hard/libc_nano.a(lib_a-lock.o)
                0x000000000800532e                __retarget_lock_release_recursive
 .text.__swhatbuf_r
                0x0000000008005330       0x4a /home/francesco/st/stm32cubeide_1.11.2_2/plugins/com.st.stm32cube.ide.mcu.externaltools.gnu-tools-for-stm32.10.3-2021.10.linux64_1.0.100.202210260954/tools/bin/../lib/gcc/arm-none-eabi/10.3.1/../../../../arm-none-eabi/lib/thumb/v7e-m+fp/hard/libc_nano.a(lib_a-makebuf.o)
                0x0000000008005330                __swhatbuf_r
 *fill*         0x000000000800537a        0x2 
 .text.__smakebuf_r
                0x000000000800537c       0x80 /home/francesco/st/stm32cubeide_1.11.2_2/plugins/com.st.stm32cube.ide.mcu.externaltools.gnu-tools-for-stm32.10.3-2021.10.linux64_1.0.100.202210260954/tools/bin/../lib/gcc/arm-none-eabi/10.3.1/../../../../arm-none-eabi/lib/thumb/v7e-m+fp/hard/libc_nano.a(lib_a-makebuf.o)
                0x000000000800537c                __smakebuf_r
 .text.__malloc_lock
                0x00000000080053fc        0xc /home/francesco/st/stm32cubeide_1.11.2_2/plugins/com.st.stm32cube.ide.mcu.externaltools.gnu-tools-for-stm32.10.3-2021.10.linux64_1.0.100.202210260954/tools/bin/../lib/gcc/arm-none-eabi/10.3.1/../../../../arm-none-eabi/lib/thumb/v7e-m+fp/hard/libc_nano.a(lib_a-mlock.o)
                0x00000000080053fc                __malloc_lock
 .text.__malloc_unlock
                0x0000000008005408        0xc /home/francesco/st/stm32cubeide_1.11.2_2/plugins/com.st.stm32cube.ide.mcu.externaltools.gnu-tools-for-stm32.10.3-2021.10.linux64_1.0.100.202210260954/tools/bin/../lib/gcc/arm-none-eabi/10.3.1/../../../../arm-none-eabi/lib/thumb/v7e-m+fp/hard/libc_nano.a(lib_a-mlock.o)
                0x0000000008005408                __malloc_unlock
 .text._raise_r
                0x0000000008005414       0x50 /home/francesco/st/stm32cubeide_1.11.2_2/plugins/com.st.stm32cube.ide.mcu.externaltools.gnu-tools-for-stm32.10.3-2021.10.linux64_1.0.100.202210260954/tools/bin/../lib/gcc/arm-none-eabi/10.3.1/../../../../arm-none-eabi/lib/thumb/v7e-m+fp/hard/libc_nano.a(lib_a-signal.o)
                0x0000000008005414                _raise_r
 .text.raise    0x0000000008005464       0x10 /home/francesco/st/stm32cubeide_1.11.2_2/plugins/com.st.stm32cube.ide.mcu.externaltools.gnu-tools-for-stm32.10.3-2021.10.linux64_1.0.100.202210260954/tools/bin/../lib/gcc/arm-none-eabi/10.3.1/../../../../arm-none-eabi/lib/thumb/v7e-m+fp/hard/libc_nano.a(lib_a-signal.o)
                0x0000000008005464                raise
 .text._kill_r  0x0000000008005474       0x24 /home/francesco/st/stm32cubeide_1.11.2_2/plugins/com.st.stm32cube.ide.mcu.externaltools.gnu-tools-for-stm32.10.3-2021.10.linux64_1.0.100.202210260954/tools/bin/../lib/gcc/arm-none-eabi/10.3.1/../../../../arm-none-eabi/lib/thumb/v7e-m+fp/hard/libc_nano.a(lib_a-signalr.o)
                0x0000000008005474                _kill_r
 .text._getpid_r
                0x0000000008005498        0x4 /home/francesco/st/stm32cubeide_1.11.2_2/plugins/com.st.stm32cube.ide.mcu.externaltools.gnu-tools-for-stm32.10.3-2021.10.linux64_1.0.100.202210260954/tools/bin/../lib/gcc/arm-none-eabi/10.3.1/../../../../arm-none-eabi/lib/thumb/v7e-m+fp/hard/libc_nano.a(lib_a-signalr.o)
                0x0000000008005498                _getpid_r
 .text.__sread  0x000000000800549c       0x22 /home/francesco/st/stm32cubeide_1.11.2_2/plugins/com.st.stm32cube.ide.mcu.externaltools.gnu-tools-for-stm32.10.3-2021.10.linux64_1.0.100.202210260954/tools/bin/../lib/gcc/arm-none-eabi/10.3.1/../../../../arm-none-eabi/lib/thumb/v7e-m+fp/hard/libc_nano.a(lib_a-stdio.o)
                0x000000000800549c                __sread
 .text.__swrite
                0x00000000080054be       0x38 /home/francesco/st/stm32cubeide_1.11.2_2/plugins/com.st.stm32cube.ide.mcu.externaltools.gnu-tools-for-stm32.10.3-2021.10.linux64_1.0.100.202210260954/tools/bin/../lib/gcc/arm-none-eabi/10.3.1/../../../../arm-none-eabi/lib/thumb/v7e-m+fp/hard/libc_nano.a(lib_a-stdio.o)
                0x00000000080054be                __swrite
 .text.__sseek  0x00000000080054f6       0x24 /home/francesco/st/stm32cubeide_1.11.2_2/plugins/com.st.stm32cube.ide.mcu.externaltools.gnu-tools-for-stm32.10.3-2021.10.linux64_1.0.100.202210260954/tools/bin/../lib/gcc/arm-none-eabi/10.3.1/../../../../arm-none-eabi/lib/thumb/v7e-m+fp/hard/libc_nano.a(lib_a-stdio.o)
                0x00000000080054f6                __sseek
 .text.__sclose
                0x000000000800551a        0x8 /home/francesco/st/stm32cubeide_1.11.2_2/plugins/com.st.stm32cube.ide.mcu.externaltools.gnu-tools-for-stm32.10.3-2021.10.linux64_1.0.100.202210260954/tools/bin/../lib/gcc/arm-none-eabi/10.3.1/../../../../arm-none-eabi/lib/thumb/v7e-m+fp/hard/libc_nano.a(lib_a-stdio.o)
                0x000000000800551a                __sclose
 *fill*         0x0000000008005522        0x2 
 .text._write_r
                0x0000000008005524       0x24 /home/francesco/st/stm32cubeide_1.11.2_2/plugins/com.st.stm32cube.ide.mcu.externaltools.gnu-tools-for-stm32.10.3-2021.10.linux64_1.0.100.202210260954/tools/bin/../lib/gcc/arm-none-eabi/10.3.1/../../../../arm-none-eabi/lib/thumb/v7e-m+fp/hard/libc_nano.a(lib_a-writer.o)
                0x0000000008005524                _write_r
 .text._close_r
                0x0000000008005548       0x20 /home/francesco/st/stm32cubeide_1.11.2_2/plugins/com.st.stm32cube.ide.mcu.externaltools.gnu-tools-for-stm32.10.3-2021.10.linux64_1.0.100.202210260954/tools/bin/../lib/gcc/arm-none-eabi/10.3.1/../../../../arm-none-eabi/lib/thumb/v7e-m+fp/hard/libc_nano.a(lib_a-closer.o)
                0x0000000008005548                _close_r
 .text._fstat_r
                0x0000000008005568       0x24 /home/francesco/st/stm32cubeide_1.11.2_2/plugins/com.st.stm32cube.ide.mcu.externaltools.gnu-tools-for-stm32.10.3-2021.10.linux64_1.0.100.202210260954/tools/bin/../lib/gcc/arm-none-eabi/10.3.1/../../../../arm-none-eabi/lib/thumb/v7e-m+fp/hard/libc_nano.a(lib_a-fstatr.o)
                0x0000000008005568                _fstat_r
 .text._isatty_r
                0x000000000800558c       0x20 /home/francesco/st/stm32cubeide_1.11.2_2/plugins/com.st.stm32cube.ide.mcu.externaltools.gnu-tools-for-stm32.10.3-2021.10.linux64_1.0.100.202210260954/tools/bin/../lib/gcc/arm-none-eabi/10.3.1/../../../../arm-none-eabi/lib/thumb/v7e-m+fp/hard/libc_nano.a(lib_a-isattyr.o)
                0x000000000800558c                _isatty_r
 .text._lseek_r
                0x00000000080055ac       0x24 /home/francesco/st/stm32cubeide_1.11.2_2/plugins/com.st.stm32cube.ide.mcu.externaltools.gnu-tools-for-stm32.10.3-2021.10.linux64_1.0.100.202210260954/tools/bin/../lib/gcc/arm-none-eabi/10.3.1/../../../../arm-none-eabi/lib/thumb/v7e-m+fp/hard/libc_nano.a(lib_a-lseekr.o)
                0x00000000080055ac                _lseek_r
 .text._read_r  0x00000000080055d0       0x24 /home/francesco/st/stm32cubeide_1.11.2_2/plugins/com.st.stm32cube.ide.mcu.externaltools.gnu-tools-for-stm32.10.3-2021.10.linux64_1.0.100.202210260954/tools/bin/../lib/gcc/arm-none-eabi/10.3.1/../../../../arm-none-eabi/lib/thumb/v7e-m+fp/hard/libc_nano.a(lib_a-readr.o)
                0x00000000080055d0                _read_r
 *fill*         0x00000000080055f4        0x4 
 .text.atan     0x00000000080055f8      0x340 /home/francesco/st/stm32cubeide_1.11.2_2/plugins/com.st.stm32cube.ide.mcu.externaltools.gnu-tools-for-stm32.10.3-2021.10.linux64_1.0.100.202210260954/tools/bin/../lib/gcc/arm-none-eabi/10.3.1/../../../../arm-none-eabi/lib/thumb/v7e-m+fp/hard/libm.a(lib_a-s_atan.o)
                0x00000000080055f8                atan
 .text.cos      0x0000000008005938       0xa8 /home/francesco/st/stm32cubeide_1.11.2_2/plugins/com.st.stm32cube.ide.mcu.externaltools.gnu-tools-for-stm32.10.3-2021.10.linux64_1.0.100.202210260954/tools/bin/../lib/gcc/arm-none-eabi/10.3.1/../../../../arm-none-eabi/lib/thumb/v7e-m+fp/hard/libm.a(lib_a-s_cos.o)
                0x0000000008005938                cos
 .text.fabs     0x00000000080059e0       0x12 /home/francesco/st/stm32cubeide_1.11.2_2/plugins/com.st.stm32cube.ide.mcu.externaltools.gnu-tools-for-stm32.10.3-2021.10.linux64_1.0.100.202210260954/tools/bin/../lib/gcc/arm-none-eabi/10.3.1/../../../../arm-none-eabi/lib/thumb/v7e-m+fp/hard/libm.a(lib_a-s_fabs.o)
                0x00000000080059e0                fabs
 *fill*         0x00000000080059f2        0x6 
 .text.sin      0x00000000080059f8       0xb0 /home/francesco/st/stm32cubeide_1.11.2_2/plugins/com.st.stm32cube.ide.mcu.externaltools.gnu-tools-for-stm32.10.3-2021.10.linux64_1.0.100.202210260954/tools/bin/../lib/gcc/arm-none-eabi/10.3.1/../../../../arm-none-eabi/lib/thumb/v7e-m+fp/hard/libm.a(lib_a-s_sin.o)
                0x00000000080059f8                sin
 .text.__ieee754_rem_pio2
                0x0000000008005aa8      0x418 /home/francesco/st/stm32cubeide_1.11.2_2/plugins/com.st.stm32cube.ide.mcu.externaltools.gnu-tools-for-stm32.10.3-2021.10.linux64_1.0.100.202210260954/tools/bin/../lib/gcc/arm-none-eabi/10.3.1/../../../../arm-none-eabi/lib/thumb/v7e-m+fp/hard/libm.a(lib_a-e_rem_pio2.o)
                0x0000000008005aa8                __ieee754_rem_pio2
 .text.__kernel_cos
                0x0000000008005ec0      0x18c /home/francesco/st/stm32cubeide_1.11.2_2/plugins/com.st.stm32cube.ide.mcu.externaltools.gnu-tools-for-stm32.10.3-2021.10.linux64_1.0.100.202210260954/tools/bin/../lib/gcc/arm-none-eabi/10.3.1/../../../../arm-none-eabi/lib/thumb/v7e-m+fp/hard/libm.a(lib_a-k_cos.o)
                0x0000000008005ec0                __kernel_cos
 *fill*         0x000000000800604c        0x4 
 .text.__kernel_rem_pio2
                0x0000000008006050      0x69c /home/francesco/st/stm32cubeide_1.11.2_2/plugins/com.st.stm32cube.ide.mcu.externaltools.gnu-tools-for-stm32.10.3-2021.10.linux64_1.0.100.202210260954/tools/bin/../lib/gcc/arm-none-eabi/10.3.1/../../../../arm-none-eabi/lib/thumb/v7e-m+fp/hard/libm.a(lib_a-k_rem_pio2.o)
                0x0000000008006050                __kernel_rem_pio2
 *fill*         0x00000000080066ec        0x4 
 .text.__kernel_sin
                0x00000000080066f0      0x17c /home/francesco/st/stm32cubeide_1.11.2_2/plugins/com.st.stm32cube.ide.mcu.externaltools.gnu-tools-for-stm32.10.3-2021.10.linux64_1.0.100.202210260954/tools/bin/../lib/gcc/arm-none-eabi/10.3.1/../../../../arm-none-eabi/lib/thumb/v7e-m+fp/hard/libm.a(lib_a-k_sin.o)
                0x00000000080066f0                __kernel_sin
 *fill*         0x000000000800686c        0x4 
 .text.floor    0x0000000008006870      0x100 /home/francesco/st/stm32cubeide_1.11.2_2/plugins/com.st.stm32cube.ide.mcu.externaltools.gnu-tools-for-stm32.10.3-2021.10.linux64_1.0.100.202210260954/tools/bin/../lib/gcc/arm-none-eabi/10.3.1/../../../../arm-none-eabi/lib/thumb/v7e-m+fp/hard/libm.a(lib_a-s_floor.o)
                0x0000000008006870                floor
 .text.scalbn   0x0000000008006970      0x10c /home/francesco/st/stm32cubeide_1.11.2_2/plugins/com.st.stm32cube.ide.mcu.externaltools.gnu-tools-for-stm32.10.3-2021.10.linux64_1.0.100.202210260954/tools/bin/../lib/gcc/arm-none-eabi/10.3.1/../../../../arm-none-eabi/lib/thumb/v7e-m+fp/hard/libm.a(lib_a-s_scalbn.o)
                0x0000000008006970                scalbn
 *(.glue_7)
 .glue_7        0x0000000008006a7c        0x0 linker stubs
 *(.glue_7t)
 .glue_7t       0x0000000008006a7c        0x0 linker stubs
 *(.eh_frame)
 .eh_frame      0x0000000008006a7c        0x0 /home/francesco/st/stm32cubeide_1.11.2_2/plugins/com.st.stm32cube.ide.mcu.externaltools.gnu-tools-for-stm32.10.3-2021.10.linux64_1.0.100.202210260954/tools/bin/../lib/gcc/arm-none-eabi/10.3.1/thumb/v7e-m+fp/hard/crtbegin.o
 *(.init)
 .init          0x0000000008006a7c        0x4 /home/francesco/st/stm32cubeide_1.11.2_2/plugins/com.st.stm32cube.ide.mcu.externaltools.gnu-tools-for-stm32.10.3-2021.10.linux64_1.0.100.202210260954/tools/bin/../lib/gcc/arm-none-eabi/10.3.1/thumb/v7e-m+fp/hard/crti.o
                0x0000000008006a7c                _init
 .init          0x0000000008006a80        0x8 /home/francesco/st/stm32cubeide_1.11.2_2/plugins/com.st.stm32cube.ide.mcu.externaltools.gnu-tools-for-stm32.10.3-2021.10.linux64_1.0.100.202210260954/tools/bin/../lib/gcc/arm-none-eabi/10.3.1/thumb/v7e-m+fp/hard/crtn.o
 *(.fini)
 .fini          0x0000000008006a88        0x4 /home/francesco/st/stm32cubeide_1.11.2_2/plugins/com.st.stm32cube.ide.mcu.externaltools.gnu-tools-for-stm32.10.3-2021.10.linux64_1.0.100.202210260954/tools/bin/../lib/gcc/arm-none-eabi/10.3.1/thumb/v7e-m+fp/hard/crti.o
                0x0000000008006a88                _fini
 .fini          0x0000000008006a8c        0x8 /home/francesco/st/stm32cubeide_1.11.2_2/plugins/com.st.stm32cube.ide.mcu.externaltools.gnu-tools-for-stm32.10.3-2021.10.linux64_1.0.100.202210260954/tools/bin/../lib/gcc/arm-none-eabi/10.3.1/thumb/v7e-m+fp/hard/crtn.o
                0x0000000008006a94                . = ALIGN (0x4)
                0x0000000008006a94                _etext = .

.vfp11_veneer   0x0000000008006a94        0x0
 .vfp11_veneer  0x0000000008006a94        0x0 linker stubs

.v4_bx          0x0000000008006a94        0x0
 .v4_bx         0x0000000008006a94        0x0 linker stubs

.iplt           0x0000000008006a94        0x0
 .iplt          0x0000000008006a94        0x0 /home/francesco/st/stm32cubeide_1.11.2_2/plugins/com.st.stm32cube.ide.mcu.externaltools.gnu-tools-for-stm32.10.3-2021.10.linux64_1.0.100.202210260954/tools/bin/../lib/gcc/arm-none-eabi/10.3.1/thumb/v7e-m+fp/hard/crtbegin.o

.rodata         0x0000000008006a98     0x1908
                0x0000000008006a98                . = ALIGN (0x4)
 *(.rodata)
 .rodata        0x0000000008006a98       0xa2 ./Drivers/API/Src/API_displayOLED.o
 *(.rodata*)
 *fill*         0x0000000008006b3a        0x2 
 .rodata.AHBPrescTable
                0x0000000008006b3c       0x10 ./Core/Src/system_stm32f4xx.o
                0x0000000008006b3c                AHBPrescTable
 .rodata.APBPrescTable
                0x0000000008006b4c        0x8 ./Core/Src/system_stm32f4xx.o
                0x0000000008006b4c                APBPrescTable
 .rodata.Font7x10
                0x0000000008006b54      0x76c ./Drivers/SSD1306/Src/fonts.o
                0x0000000008006b54                Font7x10
 .rodata.Font11x18
                0x00000000080072c0      0xd5c ./Drivers/SSD1306/Src/fonts.o
                0x00000000080072c0                Font11x18
 .rodata._global_impure_ptr
                0x000000000800801c        0x4 /home/francesco/st/stm32cubeide_1.11.2_2/plugins/com.st.stm32cube.ide.mcu.externaltools.gnu-tools-for-stm32.10.3-2021.10.linux64_1.0.100.202210260954/tools/bin/../lib/gcc/arm-none-eabi/10.3.1/../../../../arm-none-eabi/lib/thumb/v7e-m+fp/hard/libc_nano.a(lib_a-impure.o)
                0x000000000800801c                _global_impure_ptr
 .rodata.srand.str1.1
                0x0000000008008020       0x72 /home/francesco/st/stm32cubeide_1.11.2_2/plugins/com.st.stm32cube.ide.mcu.externaltools.gnu-tools-for-stm32.10.3-2021.10.linux64_1.0.100.202210260954/tools/bin/../lib/gcc/arm-none-eabi/10.3.1/../../../../arm-none-eabi/lib/thumb/v7e-m+fp/hard/libc_nano.a(lib_a-rand.o)
 .rodata.__utoa.str1.1
                0x0000000008008092       0x25 /home/francesco/st/stm32cubeide_1.11.2_2/plugins/com.st.stm32cube.ide.mcu.externaltools.gnu-tools-for-stm32.10.3-2021.10.linux64_1.0.100.202210260954/tools/bin/../lib/gcc/arm-none-eabi/10.3.1/../../../../arm-none-eabi/lib/thumb/v7e-m+fp/hard/libc_nano.a(lib_a-utoa.o)
 .rodata.__assert_func.str1.1
                0x00000000080080b7       0x3c /home/francesco/st/stm32cubeide_1.11.2_2/plugins/com.st.stm32cube.ide.mcu.externaltools.gnu-tools-for-stm32.10.3-2021.10.linux64_1.0.100.202210260954/tools/bin/../lib/gcc/arm-none-eabi/10.3.1/../../../../arm-none-eabi/lib/thumb/v7e-m+fp/hard/libc_nano.a(lib_a-assert.o)
                                         0x3d (size before relaxing)
 .rodata._vfprintf_r.str1.1
                0x00000000080080f3       0x11 /home/francesco/st/stm32cubeide_1.11.2_2/plugins/com.st.stm32cube.ide.mcu.externaltools.gnu-tools-for-stm32.10.3-2021.10.linux64_1.0.100.202210260954/tools/bin/../lib/gcc/arm-none-eabi/10.3.1/../../../../arm-none-eabi/lib/thumb/v7e-m+fp/hard/libc_nano.a(lib_a-nano-vfprintf.o)
 .rodata._printf_i.str1.1
                0x0000000008008104       0x22 /home/francesco/st/stm32cubeide_1.11.2_2/plugins/com.st.stm32cube.ide.mcu.externaltools.gnu-tools-for-stm32.10.3-2021.10.linux64_1.0.100.202210260954/tools/bin/../lib/gcc/arm-none-eabi/10.3.1/../../../../arm-none-eabi/lib/thumb/v7e-m+fp/hard/libc_nano.a(lib_a-nano-vfprintf_i.o)
 *fill*         0x0000000008008126        0x2 
 .rodata.__sf_fake_stderr
                0x0000000008008128       0x20 /home/francesco/st/stm32cubeide_1.11.2_2/plugins/com.st.stm32cube.ide.mcu.externaltools.gnu-tools-for-stm32.10.3-2021.10.linux64_1.0.100.202210260954/tools/bin/../lib/gcc/arm-none-eabi/10.3.1/../../../../arm-none-eabi/lib/thumb/v7e-m+fp/hard/libc_nano.a(lib_a-findfp.o)
                0x0000000008008128                __sf_fake_stderr
 .rodata.__sf_fake_stdin
                0x0000000008008148       0x20 /home/francesco/st/stm32cubeide_1.11.2_2/plugins/com.st.stm32cube.ide.mcu.externaltools.gnu-tools-for-stm32.10.3-2021.10.linux64_1.0.100.202210260954/tools/bin/../lib/gcc/arm-none-eabi/10.3.1/../../../../arm-none-eabi/lib/thumb/v7e-m+fp/hard/libc_nano.a(lib_a-findfp.o)
                0x0000000008008148                __sf_fake_stdin
 .rodata.__sf_fake_stdout
                0x0000000008008168       0x20 /home/francesco/st/stm32cubeide_1.11.2_2/plugins/com.st.stm32cube.ide.mcu.externaltools.gnu-tools-for-stm32.10.3-2021.10.linux64_1.0.100.202210260954/tools/bin/../lib/gcc/arm-none-eabi/10.3.1/../../../../arm-none-eabi/lib/thumb/v7e-m+fp/hard/libc_nano.a(lib_a-findfp.o)
                0x0000000008008168                __sf_fake_stdout
 .rodata.atanhi
                0x0000000008008188       0x20 /home/francesco/st/stm32cubeide_1.11.2_2/plugins/com.st.stm32cube.ide.mcu.externaltools.gnu-tools-for-stm32.10.3-2021.10.linux64_1.0.100.202210260954/tools/bin/../lib/gcc/arm-none-eabi/10.3.1/../../../../arm-none-eabi/lib/thumb/v7e-m+fp/hard/libm.a(lib_a-s_atan.o)
 .rodata.atanlo
                0x00000000080081a8       0x20 /home/francesco/st/stm32cubeide_1.11.2_2/plugins/com.st.stm32cube.ide.mcu.externaltools.gnu-tools-for-stm32.10.3-2021.10.linux64_1.0.100.202210260954/tools/bin/../lib/gcc/arm-none-eabi/10.3.1/../../../../arm-none-eabi/lib/thumb/v7e-m+fp/hard/libm.a(lib_a-s_atan.o)
 .rodata.npio2_hw
                0x00000000080081c8       0x80 /home/francesco/st/stm32cubeide_1.11.2_2/plugins/com.st.stm32cube.ide.mcu.externaltools.gnu-tools-for-stm32.10.3-2021.10.linux64_1.0.100.202210260954/tools/bin/../lib/gcc/arm-none-eabi/10.3.1/../../../../arm-none-eabi/lib/thumb/v7e-m+fp/hard/libm.a(lib_a-e_rem_pio2.o)
 .rodata.two_over_pi
                0x0000000008008248      0x108 /home/francesco/st/stm32cubeide_1.11.2_2/plugins/com.st.stm32cube.ide.mcu.externaltools.gnu-tools-for-stm32.10.3-2021.10.linux64_1.0.100.202210260954/tools/bin/../lib/gcc/arm-none-eabi/10.3.1/../../../../arm-none-eabi/lib/thumb/v7e-m+fp/hard/libm.a(lib_a-e_rem_pio2.o)
 .rodata.PIo2   0x0000000008008350       0x40 /home/francesco/st/stm32cubeide_1.11.2_2/plugins/com.st.stm32cube.ide.mcu.externaltools.gnu-tools-for-stm32.10.3-2021.10.linux64_1.0.100.202210260954/tools/bin/../lib/gcc/arm-none-eabi/10.3.1/../../../../arm-none-eabi/lib/thumb/v7e-m+fp/hard/libm.a(lib_a-k_rem_pio2.o)
 .rodata.init_jk
                0x0000000008008390       0x10 /home/francesco/st/stm32cubeide_1.11.2_2/plugins/com.st.stm32cube.ide.mcu.externaltools.gnu-tools-for-stm32.10.3-2021.10.linux64_1.0.100.202210260954/tools/bin/../lib/gcc/arm-none-eabi/10.3.1/../../../../arm-none-eabi/lib/thumb/v7e-m+fp/hard/libm.a(lib_a-k_rem_pio2.o)
                0x00000000080083a0                . = ALIGN (0x4)

.ARM.extab      0x00000000080083a0        0x0
                0x00000000080083a0                . = ALIGN (0x4)
 *(.ARM.extab* .gnu.linkonce.armextab.*)
                0x00000000080083a0                . = ALIGN (0x4)

.ARM            0x00000000080083a0        0x8
                0x00000000080083a0                . = ALIGN (0x4)
                0x00000000080083a0                __exidx_start = .
 *(.ARM.exidx*)
 .ARM.exidx     0x00000000080083a0        0x8 /home/francesco/st/stm32cubeide_1.11.2_2/plugins/com.st.stm32cube.ide.mcu.externaltools.gnu-tools-for-stm32.10.3-2021.10.linux64_1.0.100.202210260954/tools/bin/../lib/gcc/arm-none-eabi/10.3.1/thumb/v7e-m+fp/hard/libgcc.a(_udivmoddi4.o)
                0x00000000080083a8                __exidx_end = .
                0x00000000080083a8                . = ALIGN (0x4)

.rel.dyn        0x00000000080083a8        0x0
 .rel.iplt      0x00000000080083a8        0x0 /home/francesco/st/stm32cubeide_1.11.2_2/plugins/com.st.stm32cube.ide.mcu.externaltools.gnu-tools-for-stm32.10.3-2021.10.linux64_1.0.100.202210260954/tools/bin/../lib/gcc/arm-none-eabi/10.3.1/thumb/v7e-m+fp/hard/crtbegin.o

.preinit_array  0x00000000080083a8        0x0
                0x00000000080083a8                . = ALIGN (0x4)
                0x00000000080083a8                PROVIDE (__preinit_array_start = .)
 *(.preinit_array*)
                0x00000000080083a8                PROVIDE (__preinit_array_end = .)
                0x00000000080083a8                . = ALIGN (0x4)

.init_array     0x00000000080083a8        0x4
                0x00000000080083a8                . = ALIGN (0x4)
                0x00000000080083a8                PROVIDE (__init_array_start = .)
 *(SORT_BY_NAME(.init_array.*))
 *(.init_array*)
 .init_array    0x00000000080083a8        0x4 /home/francesco/st/stm32cubeide_1.11.2_2/plugins/com.st.stm32cube.ide.mcu.externaltools.gnu-tools-for-stm32.10.3-2021.10.linux64_1.0.100.202210260954/tools/bin/../lib/gcc/arm-none-eabi/10.3.1/thumb/v7e-m+fp/hard/crtbegin.o
                0x00000000080083ac                PROVIDE (__init_array_end = .)
                0x00000000080083ac                . = ALIGN (0x4)

.fini_array     0x00000000080083ac        0x4
                0x00000000080083ac                . = ALIGN (0x4)
                [!provide]                        PROVIDE (__fini_array_start = .)
 *(SORT_BY_NAME(.fini_array.*))
 *(.fini_array*)
 .fini_array    0x00000000080083ac        0x4 /home/francesco/st/stm32cubeide_1.11.2_2/plugins/com.st.stm32cube.ide.mcu.externaltools.gnu-tools-for-stm32.10.3-2021.10.linux64_1.0.100.202210260954/tools/bin/../lib/gcc/arm-none-eabi/10.3.1/thumb/v7e-m+fp/hard/crtbegin.o
                [!provide]                        PROVIDE (__fini_array_end = .)
                0x00000000080083b0                . = ALIGN (0x4)
                0x00000000080083b0                _sidata = LOADADDR (.data)

.data           0x0000000020000000       0x84 load address 0x00000000080083b0
                0x0000000020000000                . = ALIGN (0x4)
                0x0000000020000000                _sdata = .
 *(.data)
 *(.data*)
 .data.SystemCoreClock
                0x0000000020000000        0x4 ./Core/Src/system_stm32f4xx.o
                0x0000000020000000                SystemCoreClock
 .data.BUTTON_PORT
                0x0000000020000004        0x4 ./Drivers/BSP/STM32F4xx_Nucleo_144/stm32f4xx_nucleo_144.o
                0x0000000020000004                BUTTON_PORT
 .data.Font_7x10
                0x0000000020000008        0x8 ./Drivers/SSD1306/Src/fonts.o
                0x0000000020000008                Font_7x10
 .data.Font_11x18
                0x0000000020000010        0x8 ./Drivers/SSD1306/Src/fonts.o
                0x0000000020000010                Font_11x18
 .data.uwTickPrio
                0x0000000020000018        0x4 ./Drivers/STM32F4xx_HAL_Driver/Src/stm32f4xx_hal.o
                0x0000000020000018                uwTickPrio
 .data.uwTickFreq
                0x000000002000001c        0x1 ./Drivers/STM32F4xx_HAL_Driver/Src/stm32f4xx_hal.o
                0x000000002000001c                uwTickFreq
 *fill*         0x000000002000001d        0x3 
 .data._impure_ptr
                0x0000000020000020        0x4 /home/francesco/st/stm32cubeide_1.11.2_2/plugins/com.st.stm32cube.ide.mcu.externaltools.gnu-tools-for-stm32.10.3-2021.10.linux64_1.0.100.202210260954/tools/bin/../lib/gcc/arm-none-eabi/10.3.1/../../../../arm-none-eabi/lib/thumb/v7e-m+fp/hard/libc_nano.a(lib_a-impure.o)
                0x0000000020000020                _impure_ptr
 .data.impure_data
                0x0000000020000024       0x60 /home/francesco/st/stm32cubeide_1.11.2_2/plugins/com.st.stm32cube.ide.mcu.externaltools.gnu-tools-for-stm32.10.3-2021.10.linux64_1.0.100.202210260954/tools/bin/../lib/gcc/arm-none-eabi/10.3.1/../../../../arm-none-eabi/lib/thumb/v7e-m+fp/hard/libc_nano.a(lib_a-impure.o)
 *(.RamFunc)
 *(.RamFunc*)
                0x0000000020000084                . = ALIGN (0x4)
                0x0000000020000084                _edata = .
                0x0000000008008434                _siccmram = LOADADDR (.ccmram)

.igot.plt       0x0000000020000084        0x0 load address 0x0000000008008434
 .igot.plt      0x0000000020000084        0x0 /home/francesco/st/stm32cubeide_1.11.2_2/plugins/com.st.stm32cube.ide.mcu.externaltools.gnu-tools-for-stm32.10.3-2021.10.linux64_1.0.100.202210260954/tools/bin/../lib/gcc/arm-none-eabi/10.3.1/thumb/v7e-m+fp/hard/crtbegin.o

.ccmram         0x0000000010000000        0x0 load address 0x0000000008008434
                0x0000000010000000                . = ALIGN (0x4)
                0x0000000010000000                _sccmram = .
 *(.ccmram)
 *(.ccmram*)
                0x0000000010000000                . = ALIGN (0x4)
                0x0000000010000000                _eccmram = .
                0x0000000010000000                . = ALIGN (0x4)

.bss            0x0000000020000088      0x4cc
                0x0000000020000088                _sbss = .
                0x0000000020000088                __bss_start__ = _sbss
 *(.bss)
 .bss           0x0000000020000088       0x1c /home/francesco/st/stm32cubeide_1.11.2_2/plugins/com.st.stm32cube.ide.mcu.externaltools.gnu-tools-for-stm32.10.3-2021.10.linux64_1.0.100.202210260954/tools/bin/../lib/gcc/arm-none-eabi/10.3.1/thumb/v7e-m+fp/hard/crtbegin.o
 *(.bss*)
 .bss.__sbrk_heap_end
                0x00000000200000a4        0x4 ./Core/Src/sysmem.o
 .bss.keyStatus
                0x00000000200000a8        0x1 ./Drivers/API/Src/API_debounce.o
 *fill*         0x00000000200000a9        0x3 
 .bss.debouncing_delay
                0x00000000200000ac        0xc ./Drivers/API/Src/API_debounce.o
 .bss.ESTADO_PB
                0x00000000200000b8        0x1 ./Drivers/API/Src/API_debounce.o
 *fill*         0x00000000200000b9        0x3 
 .bss.system_delay
                0x00000000200000bc        0xc ./Drivers/API/Src/API_system.o
 .bss.SYSSTATE  0x00000000200000c8        0x1 ./Drivers/API/Src/API_system.o
 *fill*         0x00000000200000c9        0x7 
 .bss.sensor    0x00000000200000d0       0x18 ./Drivers/API/Src/API_system.o
 .bss.SSD1306   0x00000000200000e8        0x4 ./Drivers/SSD1306/Src/ssd1306.o
 .bss.SSD1306_Buffer
                0x00000000200000ec      0x400 ./Drivers/SSD1306/Src/ssd1306.o
 .bss.hi2c_display
                0x00000000200004ec       0x54 ./Drivers/SSD1306/Src/ssd1306_port.o
                0x00000000200004ec                hi2c_display
 .bss.uwTick    0x0000000020000540        0x4 ./Drivers/STM32F4xx_HAL_Driver/Src/stm32f4xx_hal.o
                0x0000000020000540                uwTick
 .bss.__malloc_free_list
                0x0000000020000544        0x4 /home/francesco/st/stm32cubeide_1.11.2_2/plugins/com.st.stm32cube.ide.mcu.externaltools.gnu-tools-for-stm32.10.3-2021.10.linux64_1.0.100.202210260954/tools/bin/../lib/gcc/arm-none-eabi/10.3.1/../../../../arm-none-eabi/lib/thumb/v7e-m+fp/hard/libc_nano.a(lib_a-nano-mallocr.o)
                0x0000000020000544                __malloc_free_list
 .bss.__malloc_sbrk_start
                0x0000000020000548        0x4 /home/francesco/st/stm32cubeide_1.11.2_2/plugins/com.st.stm32cube.ide.mcu.externaltools.gnu-tools-for-stm32.10.3-2021.10.linux64_1.0.100.202210260954/tools/bin/../lib/gcc/arm-none-eabi/10.3.1/../../../../arm-none-eabi/lib/thumb/v7e-m+fp/hard/libc_nano.a(lib_a-nano-mallocr.o)
                0x0000000020000548                __malloc_sbrk_start
 .bss.__lock___malloc_recursive_mutex
                0x000000002000054c        0x1 /home/francesco/st/stm32cubeide_1.11.2_2/plugins/com.st.stm32cube.ide.mcu.externaltools.gnu-tools-for-stm32.10.3-2021.10.linux64_1.0.100.202210260954/tools/bin/../lib/gcc/arm-none-eabi/10.3.1/../../../../arm-none-eabi/lib/thumb/v7e-m+fp/hard/libc_nano.a(lib_a-lock.o)
                0x000000002000054c                __lock___malloc_recursive_mutex
 .bss.__lock___sfp_recursive_mutex
                0x000000002000054d        0x1 /home/francesco/st/stm32cubeide_1.11.2_2/plugins/com.st.stm32cube.ide.mcu.externaltools.gnu-tools-for-stm32.10.3-2021.10.linux64_1.0.100.202210260954/tools/bin/../lib/gcc/arm-none-eabi/10.3.1/../../../../arm-none-eabi/lib/thumb/v7e-m+fp/hard/libc_nano.a(lib_a-lock.o)
                0x000000002000054d                __lock___sfp_recursive_mutex
 .bss.__lock___sinit_recursive_mutex
                0x000000002000054e        0x1 /home/francesco/st/stm32cubeide_1.11.2_2/plugins/com.st.stm32cube.ide.mcu.externaltools.gnu-tools-for-stm32.10.3-2021.10.linux64_1.0.100.202210260954/tools/bin/../lib/gcc/arm-none-eabi/10.3.1/../../../../arm-none-eabi/lib/thumb/v7e-m+fp/hard/libc_nano.a(lib_a-lock.o)
                0x000000002000054e                __lock___sinit_recursive_mutex
 *fill*         0x000000002000054f        0x1 
 .bss.errno     0x0000000020000550        0x4 /home/francesco/st/stm32cubeide_1.11.2_2/plugins/com.st.stm32cube.ide.mcu.externaltools.gnu-tools-for-stm32.10.3-2021.10.linux64_1.0.100.202210260954/tools/bin/../lib/gcc/arm-none-eabi/10.3.1/../../../../arm-none-eabi/lib/thumb/v7e-m+fp/hard/libc_nano.a(lib_a-reent.o)
                0x0000000020000550                errno
 *(COMMON)
                0x0000000020000554                . = ALIGN (0x4)
                0x0000000020000554                _ebss = .
                0x0000000020000554                __bss_end__ = _ebss

._user_heap_stack
                0x0000000020000554      0x604
                0x0000000020000558                . = ALIGN (0x8)
 *fill*         0x0000000020000554        0x4 
                [!provide]                        PROVIDE (end = .)
                0x0000000020000558                PROVIDE (_end = .)
                0x0000000020000758                . = (. + _Min_Heap_Size)
 *fill*         0x0000000020000558      0x200 
                0x0000000020000b58                . = (. + _Min_Stack_Size)
 *fill*         0x0000000020000758      0x400 
                0x0000000020000b58                . = ALIGN (0x8)

/DISCARD/
 libc.a(*)
 libm.a(*)
 libgcc.a(*)

.ARM.attributes
                0x0000000000000000       0x30
 *(.ARM.attributes)
 .ARM.attributes
                0x0000000000000000       0x1e /home/francesco/st/stm32cubeide_1.11.2_2/plugins/com.st.stm32cube.ide.mcu.externaltools.gnu-tools-for-stm32.10.3-2021.10.linux64_1.0.100.202210260954/tools/bin/../lib/gcc/arm-none-eabi/10.3.1/thumb/v7e-m+fp/hard/crti.o
 .ARM.attributes
                0x000000000000001e       0x34 /home/francesco/st/stm32cubeide_1.11.2_2/plugins/com.st.stm32cube.ide.mcu.externaltools.gnu-tools-for-stm32.10.3-2021.10.linux64_1.0.100.202210260954/tools/bin/../lib/gcc/arm-none-eabi/10.3.1/thumb/v7e-m+fp/hard/crtbegin.o
 .ARM.attributes
                0x0000000000000052       0x34 ./Core/Src/main.o
 .ARM.attributes
                0x0000000000000086       0x34 ./Core/Src/stm32f4xx_hal_msp.o
 .ARM.attributes
                0x00000000000000ba       0x34 ./Core/Src/stm32f4xx_it.o
 .ARM.attributes
                0x00000000000000ee       0x34 ./Core/Src/syscalls.o
 .ARM.attributes
                0x0000000000000122       0x34 ./Core/Src/sysmem.o
 .ARM.attributes
                0x0000000000000156       0x34 ./Core/Src/system_stm32f4xx.o
 .ARM.attributes
                0x000000000000018a       0x21 ./Core/Startup/startup_stm32f429zitx.o
 .ARM.attributes
                0x00000000000001ab       0x34 ./Drivers/API/Src/API_debounce.o
 .ARM.attributes
                0x00000000000001df       0x34 ./Drivers/API/Src/API_delay.o
 .ARM.attributes
                0x0000000000000213       0x34 ./Drivers/API/Src/API_displayOLED.o
 .ARM.attributes
                0x0000000000000247       0x34 ./Drivers/API/Src/API_magnetometer.o
 .ARM.attributes
                0x000000000000027b       0x34 ./Drivers/API/Src/API_system.o
 .ARM.attributes
                0x00000000000002af       0x34 ./Drivers/BSP/STM32F4xx_Nucleo_144/stm32f4xx_nucleo_144.o
 .ARM.attributes
                0x00000000000002e3       0x34 ./Drivers/SSD1306/Src/fonts.o
 .ARM.attributes
                0x0000000000000317       0x34 ./Drivers/SSD1306/Src/ssd1306.o
 .ARM.attributes
                0x000000000000034b       0x34 ./Drivers/SSD1306/Src/ssd1306_port.o
 .ARM.attributes
                0x000000000000037f       0x34 ./Drivers/STM32F4xx_HAL_Driver/Src/stm32f4xx_hal.o
 .ARM.attributes
                0x00000000000003b3       0x34 ./Drivers/STM32F4xx_HAL_Driver/Src/stm32f4xx_hal_cortex.o
 .ARM.attributes
                0x00000000000003e7       0x34 ./Drivers/STM32F4xx_HAL_Driver/Src/stm32f4xx_hal_gpio.o
 .ARM.attributes
                0x000000000000041b       0x34 ./Drivers/STM32F4xx_HAL_Driver/Src/stm32f4xx_hal_i2c.o
 .ARM.attributes
                0x000000000000044f       0x34 ./Drivers/STM32F4xx_HAL_Driver/Src/stm32f4xx_hal_rcc.o
 .ARM.attributes
                0x0000000000000483       0x34 /home/francesco/st/stm32cubeide_1.11.2_2/plugins/com.st.stm32cube.ide.mcu.externaltools.gnu-tools-for-stm32.10.3-2021.10.linux64_1.0.100.202210260954/tools/bin/../lib/gcc/arm-none-eabi/10.3.1/../../../../arm-none-eabi/lib/thumb/v7e-m+fp/hard/libc_nano.a(lib_a-errno.o)
 .ARM.attributes
                0x00000000000004b7       0x34 /home/francesco/st/stm32cubeide_1.11.2_2/plugins/com.st.stm32cube.ide.mcu.externaltools.gnu-tools-for-stm32.10.3-2021.10.linux64_1.0.100.202210260954/tools/bin/../lib/gcc/arm-none-eabi/10.3.1/../../../../arm-none-eabi/lib/thumb/v7e-m+fp/hard/libc_nano.a(lib_a-impure.o)
 .ARM.attributes
                0x00000000000004eb       0x34 /home/francesco/st/stm32cubeide_1.11.2_2/plugins/com.st.stm32cube.ide.mcu.externaltools.gnu-tools-for-stm32.10.3-2021.10.linux64_1.0.100.202210260954/tools/bin/../lib/gcc/arm-none-eabi/10.3.1/../../../../arm-none-eabi/lib/thumb/v7e-m+fp/hard/libc_nano.a(lib_a-init.o)
 .ARM.attributes
                0x000000000000051f       0x34 /home/francesco/st/stm32cubeide_1.11.2_2/plugins/com.st.stm32cube.ide.mcu.externaltools.gnu-tools-for-stm32.10.3-2021.10.linux64_1.0.100.202210260954/tools/bin/../lib/gcc/arm-none-eabi/10.3.1/../../../../arm-none-eabi/lib/thumb/v7e-m+fp/hard/libc_nano.a(lib_a-itoa.o)
 .ARM.attributes
                0x0000000000000553       0x34 /home/francesco/st/stm32cubeide_1.11.2_2/plugins/com.st.stm32cube.ide.mcu.externaltools.gnu-tools-for-stm32.10.3-2021.10.linux64_1.0.100.202210260954/tools/bin/../lib/gcc/arm-none-eabi/10.3.1/../../../../arm-none-eabi/lib/thumb/v7e-m+fp/hard/libc_nano.a(lib_a-memset.o)
 .ARM.attributes
                0x0000000000000587       0x34 /home/francesco/st/stm32cubeide_1.11.2_2/plugins/com.st.stm32cube.ide.mcu.externaltools.gnu-tools-for-stm32.10.3-2021.10.linux64_1.0.100.202210260954/tools/bin/../lib/gcc/arm-none-eabi/10.3.1/../../../../arm-none-eabi/lib/thumb/v7e-m+fp/hard/libc_nano.a(lib_a-rand.o)
 .ARM.attributes
                0x00000000000005bb       0x34 /home/francesco/st/stm32cubeide_1.11.2_2/plugins/com.st.stm32cube.ide.mcu.externaltools.gnu-tools-for-stm32.10.3-2021.10.linux64_1.0.100.202210260954/tools/bin/../lib/gcc/arm-none-eabi/10.3.1/../../../../arm-none-eabi/lib/thumb/v7e-m+fp/hard/libc_nano.a(lib_a-strcat.o)
 .ARM.attributes
                0x00000000000005ef       0x17 /home/francesco/st/stm32cubeide_1.11.2_2/plugins/com.st.stm32cube.ide.mcu.externaltools.gnu-tools-for-stm32.10.3-2021.10.linux64_1.0.100.202210260954/tools/bin/../lib/gcc/arm-none-eabi/10.3.1/../../../../arm-none-eabi/lib/thumb/v7e-m+fp/hard/libc_nano.a(lib_a-strlen.o)
 .ARM.attributes
                0x0000000000000606       0x34 /home/francesco/st/stm32cubeide_1.11.2_2/plugins/com.st.stm32cube.ide.mcu.externaltools.gnu-tools-for-stm32.10.3-2021.10.linux64_1.0.100.202210260954/tools/bin/../lib/gcc/arm-none-eabi/10.3.1/../../../../arm-none-eabi/lib/thumb/v7e-m+fp/hard/libc_nano.a(lib_a-utoa.o)
 .ARM.attributes
                0x000000000000063a       0x34 /home/francesco/st/stm32cubeide_1.11.2_2/plugins/com.st.stm32cube.ide.mcu.externaltools.gnu-tools-for-stm32.10.3-2021.10.linux64_1.0.100.202210260954/tools/bin/../lib/gcc/arm-none-eabi/10.3.1/../../../../arm-none-eabi/lib/thumb/v7e-m+fp/hard/libc_nano.a(lib_a-assert.o)
 .ARM.attributes
                0x000000000000066e       0x34 /home/francesco/st/stm32cubeide_1.11.2_2/plugins/com.st.stm32cube.ide.mcu.externaltools.gnu-tools-for-stm32.10.3-2021.10.linux64_1.0.100.202210260954/tools/bin/../lib/gcc/arm-none-eabi/10.3.1/../../../../arm-none-eabi/lib/thumb/v7e-m+fp/hard/libc_nano.a(lib_a-fprintf.o)
 .ARM.attributes
                0x00000000000006a2       0x34 /home/francesco/st/stm32cubeide_1.11.2_2/plugins/com.st.stm32cube.ide.mcu.externaltools.gnu-tools-for-stm32.10.3-2021.10.linux64_1.0.100.202210260954/tools/bin/../lib/gcc/arm-none-eabi/10.3.1/../../../../arm-none-eabi/lib/thumb/v7e-m+fp/hard/libc_nano.a(lib_a-malloc.o)
 .ARM.attributes
                0x00000000000006d6       0x34 /home/francesco/st/stm32cubeide_1.11.2_2/plugins/com.st.stm32cube.ide.mcu.externaltools.gnu-tools-for-stm32.10.3-2021.10.linux64_1.0.100.202210260954/tools/bin/../lib/gcc/arm-none-eabi/10.3.1/../../../../arm-none-eabi/lib/thumb/v7e-m+fp/hard/libc_nano.a(lib_a-nano-freer.o)
 .ARM.attributes
                0x000000000000070a       0x34 /home/francesco/st/stm32cubeide_1.11.2_2/plugins/com.st.stm32cube.ide.mcu.externaltools.gnu-tools-for-stm32.10.3-2021.10.linux64_1.0.100.202210260954/tools/bin/../lib/gcc/arm-none-eabi/10.3.1/../../../../arm-none-eabi/lib/thumb/v7e-m+fp/hard/libc_nano.a(lib_a-nano-mallocr.o)
 .ARM.attributes
                0x000000000000073e       0x34 /home/francesco/st/stm32cubeide_1.11.2_2/plugins/com.st.stm32cube.ide.mcu.externaltools.gnu-tools-for-stm32.10.3-2021.10.linux64_1.0.100.202210260954/tools/bin/../lib/gcc/arm-none-eabi/10.3.1/../../../../arm-none-eabi/lib/thumb/v7e-m+fp/hard/libc_nano.a(lib_a-nano-vfprintf.o)
 .ARM.attributes
                0x0000000000000772       0x34 /home/francesco/st/stm32cubeide_1.11.2_2/plugins/com.st.stm32cube.ide.mcu.externaltools.gnu-tools-for-stm32.10.3-2021.10.linux64_1.0.100.202210260954/tools/bin/../lib/gcc/arm-none-eabi/10.3.1/../../../../arm-none-eabi/lib/thumb/v7e-m+fp/hard/libc_nano.a(lib_a-nano-vfprintf_i.o)
 .ARM.attributes
                0x00000000000007a6       0x34 /home/francesco/st/stm32cubeide_1.11.2_2/plugins/com.st.stm32cube.ide.mcu.externaltools.gnu-tools-for-stm32.10.3-2021.10.linux64_1.0.100.202210260954/tools/bin/../lib/gcc/arm-none-eabi/10.3.1/../../../../arm-none-eabi/lib/thumb/v7e-m+fp/hard/libc_nano.a(lib_a-sbrkr.o)
 .ARM.attributes
                0x00000000000007da       0x34 /home/francesco/st/stm32cubeide_1.11.2_2/plugins/com.st.stm32cube.ide.mcu.externaltools.gnu-tools-for-stm32.10.3-2021.10.linux64_1.0.100.202210260954/tools/bin/../lib/gcc/arm-none-eabi/10.3.1/../../../../arm-none-eabi/lib/thumb/v7e-m+fp/hard/libc_nano.a(lib_a-wbuf.o)
 .ARM.attributes
                0x000000000000080e       0x34 /home/francesco/st/stm32cubeide_1.11.2_2/plugins/com.st.stm32cube.ide.mcu.externaltools.gnu-tools-for-stm32.10.3-2021.10.linux64_1.0.100.202210260954/tools/bin/../lib/gcc/arm-none-eabi/10.3.1/../../../../arm-none-eabi/lib/thumb/v7e-m+fp/hard/libc_nano.a(lib_a-wsetup.o)
 .ARM.attributes
                0x0000000000000842       0x34 /home/francesco/st/stm32cubeide_1.11.2_2/plugins/com.st.stm32cube.ide.mcu.externaltools.gnu-tools-for-stm32.10.3-2021.10.linux64_1.0.100.202210260954/tools/bin/../lib/gcc/arm-none-eabi/10.3.1/../../../../arm-none-eabi/lib/thumb/v7e-m+fp/hard/libc_nano.a(lib_a-abort.o)
 .ARM.attributes
                0x0000000000000876       0x34 /home/francesco/st/stm32cubeide_1.11.2_2/plugins/com.st.stm32cube.ide.mcu.externaltools.gnu-tools-for-stm32.10.3-2021.10.linux64_1.0.100.202210260954/tools/bin/../lib/gcc/arm-none-eabi/10.3.1/../../../../arm-none-eabi/lib/thumb/v7e-m+fp/hard/libc_nano.a(lib_a-fflush.o)
 .ARM.attributes
                0x00000000000008aa       0x34 /home/francesco/st/stm32cubeide_1.11.2_2/plugins/com.st.stm32cube.ide.mcu.externaltools.gnu-tools-for-stm32.10.3-2021.10.linux64_1.0.100.202210260954/tools/bin/../lib/gcc/arm-none-eabi/10.3.1/../../../../arm-none-eabi/lib/thumb/v7e-m+fp/hard/libc_nano.a(lib_a-findfp.o)
 .ARM.attributes
                0x00000000000008de       0x34 /home/francesco/st/stm32cubeide_1.11.2_2/plugins/com.st.stm32cube.ide.mcu.externaltools.gnu-tools-for-stm32.10.3-2021.10.linux64_1.0.100.202210260954/tools/bin/../lib/gcc/arm-none-eabi/10.3.1/../../../../arm-none-eabi/lib/thumb/v7e-m+fp/hard/libc_nano.a(lib_a-fwalk.o)
 .ARM.attributes
                0x0000000000000912       0x34 /home/francesco/st/stm32cubeide_1.11.2_2/plugins/com.st.stm32cube.ide.mcu.externaltools.gnu-tools-for-stm32.10.3-2021.10.linux64_1.0.100.202210260954/tools/bin/../lib/gcc/arm-none-eabi/10.3.1/../../../../arm-none-eabi/lib/thumb/v7e-m+fp/hard/libc_nano.a(lib_a-lock.o)
 .ARM.attributes
                0x0000000000000946       0x34 /home/francesco/st/stm32cubeide_1.11.2_2/plugins/com.st.stm32cube.ide.mcu.externaltools.gnu-tools-for-stm32.10.3-2021.10.linux64_1.0.100.202210260954/tools/bin/../lib/gcc/arm-none-eabi/10.3.1/../../../../arm-none-eabi/lib/thumb/v7e-m+fp/hard/libc_nano.a(lib_a-makebuf.o)
 .ARM.attributes
                0x000000000000097a       0x1c /home/francesco/st/stm32cubeide_1.11.2_2/plugins/com.st.stm32cube.ide.mcu.externaltools.gnu-tools-for-stm32.10.3-2021.10.linux64_1.0.100.202210260954/tools/bin/../lib/gcc/arm-none-eabi/10.3.1/../../../../arm-none-eabi/lib/thumb/v7e-m+fp/hard/libc_nano.a(lib_a-memchr.o)
 .ARM.attributes
                0x0000000000000996       0x34 /home/francesco/st/stm32cubeide_1.11.2_2/plugins/com.st.stm32cube.ide.mcu.externaltools.gnu-tools-for-stm32.10.3-2021.10.linux64_1.0.100.202210260954/tools/bin/../lib/gcc/arm-none-eabi/10.3.1/../../../../arm-none-eabi/lib/thumb/v7e-m+fp/hard/libc_nano.a(lib_a-mlock.o)
 .ARM.attributes
                0x00000000000009ca       0x34 /home/francesco/st/stm32cubeide_1.11.2_2/plugins/com.st.stm32cube.ide.mcu.externaltools.gnu-tools-for-stm32.10.3-2021.10.linux64_1.0.100.202210260954/tools/bin/../lib/gcc/arm-none-eabi/10.3.1/../../../../arm-none-eabi/lib/thumb/v7e-m+fp/hard/libc_nano.a(lib_a-reent.o)
 .ARM.attributes
                0x00000000000009fe       0x34 /home/francesco/st/stm32cubeide_1.11.2_2/plugins/com.st.stm32cube.ide.mcu.externaltools.gnu-tools-for-stm32.10.3-2021.10.linux64_1.0.100.202210260954/tools/bin/../lib/gcc/arm-none-eabi/10.3.1/../../../../arm-none-eabi/lib/thumb/v7e-m+fp/hard/libc_nano.a(lib_a-signal.o)
 .ARM.attributes
                0x0000000000000a32       0x34 /home/francesco/st/stm32cubeide_1.11.2_2/plugins/com.st.stm32cube.ide.mcu.externaltools.gnu-tools-for-stm32.10.3-2021.10.linux64_1.0.100.202210260954/tools/bin/../lib/gcc/arm-none-eabi/10.3.1/../../../../arm-none-eabi/lib/thumb/v7e-m+fp/hard/libc_nano.a(lib_a-signalr.o)
 .ARM.attributes
                0x0000000000000a66       0x34 /home/francesco/st/stm32cubeide_1.11.2_2/plugins/com.st.stm32cube.ide.mcu.externaltools.gnu-tools-for-stm32.10.3-2021.10.linux64_1.0.100.202210260954/tools/bin/../lib/gcc/arm-none-eabi/10.3.1/../../../../arm-none-eabi/lib/thumb/v7e-m+fp/hard/libc_nano.a(lib_a-stdio.o)
 .ARM.attributes
                0x0000000000000a9a       0x34 /home/francesco/st/stm32cubeide_1.11.2_2/plugins/com.st.stm32cube.ide.mcu.externaltools.gnu-tools-for-stm32.10.3-2021.10.linux64_1.0.100.202210260954/tools/bin/../lib/gcc/arm-none-eabi/10.3.1/../../../../arm-none-eabi/lib/thumb/v7e-m+fp/hard/libc_nano.a(lib_a-writer.o)
 .ARM.attributes
                0x0000000000000ace       0x34 /home/francesco/st/stm32cubeide_1.11.2_2/plugins/com.st.stm32cube.ide.mcu.externaltools.gnu-tools-for-stm32.10.3-2021.10.linux64_1.0.100.202210260954/tools/bin/../lib/gcc/arm-none-eabi/10.3.1/../../../../arm-none-eabi/lib/thumb/v7e-m+fp/hard/libc_nano.a(lib_a-closer.o)
 .ARM.attributes
                0x0000000000000b02       0x34 /home/francesco/st/stm32cubeide_1.11.2_2/plugins/com.st.stm32cube.ide.mcu.externaltools.gnu-tools-for-stm32.10.3-2021.10.linux64_1.0.100.202210260954/tools/bin/../lib/gcc/arm-none-eabi/10.3.1/../../../../arm-none-eabi/lib/thumb/v7e-m+fp/hard/libc_nano.a(lib_a-fstatr.o)
 .ARM.attributes
                0x0000000000000b36       0x34 /home/francesco/st/stm32cubeide_1.11.2_2/plugins/com.st.stm32cube.ide.mcu.externaltools.gnu-tools-for-stm32.10.3-2021.10.linux64_1.0.100.202210260954/tools/bin/../lib/gcc/arm-none-eabi/10.3.1/../../../../arm-none-eabi/lib/thumb/v7e-m+fp/hard/libc_nano.a(lib_a-isattyr.o)
 .ARM.attributes
                0x0000000000000b6a       0x34 /home/francesco/st/stm32cubeide_1.11.2_2/plugins/com.st.stm32cube.ide.mcu.externaltools.gnu-tools-for-stm32.10.3-2021.10.linux64_1.0.100.202210260954/tools/bin/../lib/gcc/arm-none-eabi/10.3.1/../../../../arm-none-eabi/lib/thumb/v7e-m+fp/hard/libc_nano.a(lib_a-lseekr.o)
 .ARM.attributes