20:15:29 **** Incremental Build of configuration Debug for project digitalCompass ****
make -j20 all 
arm-none-eabi-gcc "../Drivers/API/Src/API_displayOLED.c" -mcpu=cortex-m4 -std=gnu11 -g3 -DDEBUG -DUSE_HAL_DRIVER -DSTM32F429xx -c -I../Core/Inc -I../Drivers/STM32F4xx_HAL_Driver/Inc -I../Drivers/STM32F4xx_HAL_Driver/Inc/Legacy -I../Drivers/CMSIS/Device/ST/STM32F4xx/Include -I../Drivers/CMSIS/Include -I"/media/francesco/Data/Francesco/PdCeSE_workspace/digitalCompass/Drivers/SSD1306/Src" -I"/media/francesco/Data/Francesco/PdCeSE_workspace/digitalCompass/Drivers/SSD1306/Inc" -I"/media/francesco/Data/Francesco/PdCeSE_workspace/digitalCompass/Drivers/API/Inc" -I"/media/francesco/Data/Francesco/PdCeSE_workspace/digitalCompass/Drivers/API/Src" -I"/media/francesco/Data/Francesco/PdCeSE_workspace/digitalCompass/Drivers/BSP" -I"/media/francesco/Data/Francesco/PdCeSE_workspace/digitalCompass/Drivers/BSP/STM32F4xx_Nucleo_144" -O0 -ffunction-sections -fdata-sections -Wall -fstack-usage -MMD -MP -MF"Drivers/API/Src/API_displayOLED.d" -MT"Drivers/API/Src/API_displayOLED.o" --specs=nano.specs -mfpu=fpv4-sp-d16 -mfloat-abi=hard -mthumb -o "Drivers/API/Src/API_displayOLED.o"
arm-none-eabi-gcc "../Drivers/API/Src/API_magnetometer.c" -mcpu=cortex-m4 -std=gnu11 -g3 -DDEBUG -DUSE_HAL_DRIVER -DSTM32F429xx -c -I../Core/Inc -I../Drivers/STM32F4xx_HAL_Driver/Inc -I../Drivers/STM32F4xx_HAL_Driver/Inc/Legacy -I../Drivers/CMSIS/Device/ST/STM32F4xx/Include -I../Drivers/CMSIS/Include -I"/media/francesco/Data/Francesco/PdCeSE_workspace/digitalCompass/Drivers/SSD1306/Src" -I"/media/francesco/Data/Francesco/PdCeSE_workspace/digitalCompass/Drivers/SSD1306/Inc" -I"/media/francesco/Data/Francesco/PdCeSE_workspace/digitalCompass/Drivers/API/Inc" -I"/media/francesco/Data/Francesco/PdCeSE_workspace/digitalCompass/Drivers/API/Src" -I"/media/francesco/Data/Francesco/PdCeSE_workspace/digitalCompass/Drivers/BSP" -I"/media/francesco/Data/Francesco/PdCeSE_workspace/digitalCompass/Drivers/BSP/STM32F4xx_Nucleo_144" -O0 -ffunction-sections -fdata-sections -Wall -fstack-usage -MMD -MP -MF"Drivers/API/Src/API_magnetometer.d" -MT"Drivers/API/Src/API_magnetometer.o" --specs=nano.specs -mfpu=fpv4-sp-d16 -mfloat-abi=hard -mthumb -o "Drivers/API/Src/API_magnetometer.o"
arm-none-eabi-gcc "../Drivers/API/Src/API_system.c" -mcpu=cortex-m4 -std=gnu11 -g3 -DDEBUG -DUSE_HAL_DRIVER -DSTM32F429xx -c -I../Core/Inc -I../Drivers/STM32F4xx_HAL_Driver/Inc -I../Drivers/STM32F4xx_HAL_Driver/Inc/Legacy -I../Drivers/CMSIS/Device/ST/STM32F4xx/Include -I../Drivers/CMSIS/Include -I"/media/francesco/Data/Francesco/PdCeSE_workspace/digitalCompass/Drivers/SSD1306/Src" -I"/media/francesco/Data/Francesco/PdCeSE_workspace/digitalCompass/Drivers/SSD1306/Inc" -I"/media/francesco/Data/Francesco/PdCeSE_workspace/digitalCompass/Drivers/API/Inc" -I"/media/francesco/Data/Francesco/PdCeSE_workspace/digitalCompass/Drivers/API/Src" -I"/media/francesco/Data/Francesco/PdCeSE_workspace/digitalCompass/Drivers/BSP" -I"/media/francesco/Data/Francesco/PdCeSE_workspace/digitalCompass/Drivers/BSP/STM32F4xx_Nucleo_144" -O0 -ffunction-sections -fdata-sections -Wall -fstack-usage -MMD -MP -MF"Drivers/API/Src/API_system.d" -MT"Drivers/API/Src/API_system.o" --specs=nano.specs -mfpu=fpv4-sp-d16 -mfloat-abi=hard -mthumb -o "Drivers/API/Src/API_system.o"
arm-none-eabi-gcc "../Core/Src/main.c" -mcpu=cortex-m4 -std=gnu11 -g3 -DDEBUG -DUSE_HAL_DRIVER -DSTM32F429xx -c -I../Core/Inc -I../Drivers/STM32F4xx_HAL_Driver/Inc -I../Drivers/STM32F4xx_HAL_Driver/Inc/Legacy -I../Drivers/CMSIS/Device/ST/STM32F4xx/Include -I../Drivers/CMSIS/Include -I"/media/francesco/Data/Francesco/PdCeSE_workspace/digitalCompass/Drivers/SSD1306/Src" -I"/media/francesco/Data/Francesco/PdCeSE_workspace/digitalCompass/Drivers/SSD1306/Inc" -I"/media/francesco/Data/Francesco/PdCeSE_workspace/digitalCompass/Drivers/API/Inc" -I"/media/francesco/Data/Francesco/PdCeSE_workspace/digitalCompass/Drivers/API/Src" -I"/media/francesco/Data/Francesco/PdCeSE_workspace/digitalCompass/Drivers/BSP" -I"/media/francesco/Data/Francesco/PdCeSE_workspace/digitalCompass/Drivers/BSP/STM32F4xx_Nucleo_144" -O0 -ffunction-sections -fdata-sections -Wall -fstack-usage -MMD -MP -MF"Core/Src/main.d" -MT"Core/Src/main.o" --specs=nano.specs -mfpu=fpv4-sp-d16 -mfloat-abi=hard -mthumb -o "Core/Src/main.o"
arm-none-eabi-gcc "../Core/Src/stm32f4xx_hal_msp.c" -mcpu=cortex-m4 -std=gnu11 -g3 -DDEBUG -DUSE_HAL_DRIVER -DSTM32F429xx -c -I../Core/Inc -I../Drivers/STM32F4xx_HAL_Driver/Inc -I../Drivers/STM32F4xx_HAL_Driver/Inc/Legacy -I../Drivers/CMSIS/Device/ST/STM32F4xx/Include -I../Drivers/CMSIS/Include -I"/media/francesco/Data/Francesco/PdCeSE_workspace/digitalCompass/Drivers/SSD1306/Src" -I"/media/francesco/Data/Francesco/PdCeSE_workspace/digitalCompass/Drivers/SSD1306/Inc" -I"/media/francesco/Data/Francesco/PdCeSE_workspace/digitalCompass/Drivers/API/Inc" -I"/media/francesco/Data/Francesco/PdCeSE_workspace/digitalCompass/Drivers/API/Src" -I"/media/francesco/Data/Francesco/PdCeSE_workspace/digitalCompass/Drivers/BSP" -I"/media/francesco/Data/Francesco/PdCeSE_workspace/digitalCompass/Drivers/BSP/STM32F4xx_Nucleo_144" -O0 -ffunction-sections -fdata-sections -Wall -fstack-usage -MMD -MP -MF"Core/Src/stm32f4xx_hal_msp.d" -MT"Core/Src/stm32f4xx_hal_msp.o" --specs=nano.specs -mfpu=fpv4-sp-d16 -mfloat-abi=hard -mthumb -o "Core/Src/stm32f4xx_hal_msp.o"
arm-none-eabi-gcc "../Core/Src/stm32f4xx_it.c" -mcpu=cortex-m4 -std=gnu11 -g3 -DDEBUG -DUSE_HAL_DRIVER -DSTM32F429xx -c -I../Core/Inc -I../Drivers/STM32F4xx_HAL_Driver/Inc -I../Drivers/STM32F4xx_HAL_Driver/Inc/Legacy -I../Drivers/CMSIS/Device/ST/STM32F4xx/Include -I../Drivers/CMSIS/Include -I"/media/francesco/Data/Francesco/PdCeSE_workspace/digitalCompass/Drivers/SSD1306/Src" -I"/media/francesco/Data/Francesco/PdCeSE_workspace/digitalCompass/Drivers/SSD1306/Inc" -I"/media/francesco/Data/Francesco/PdCeSE_workspace/digitalCompass/Drivers/API/Inc" -I"/media/francesco/Data/Francesco/PdCeSE_workspace/digitalCompass/Drivers/API/Src" -I"/media/francesco/Data/Francesco/PdCeSE_workspace/digitalCompass/Drivers/BSP" -I"/media/francesco/Data/Francesco/PdCeSE_workspace/digitalCompass/Drivers/BSP/STM32F4xx_Nucleo_144" -O0 -ffunction-sections -fdata-sections -Wall -fstack-usage -MMD -MP -MF"Core/Src/stm32f4xx_it.d" -MT"Core/Src/stm32f4xx_it.o" --specs=nano.specs -mfpu=fpv4-sp-d16 -mfloat-abi=hard -mthumb -o "Core/Src/stm32f4xx_it.o"
../Drivers/API/Src/API_magnetometer.c: In function 'readMagnetometer':
../Drivers/API/Src/API_magnetometer.c:27:5: error: 'magnetometer' undeclared (first use in this function); did you mean 'magnetometer_t'?
   27 |  if(magnetometer == NULL) {
      |     ^~~~~~~~~~~~
      |     magnetometer_t
../Drivers/API/Src/API_magnetometer.c:27:5: note: each undeclared identifier is reported only once for each function it appears in
../Drivers/API/Src/API_magnetometer.c: In function 'calculateArrowAngle':
../Drivers/API/Src/API_magnetometer.c:53:5: error: 'magnetometer' undeclared (first use in this function); did you mean 'magnetometer_t'?
   53 |  if(magnetometer == NULL) {
      |     ^~~~~~~~~~~~
      |     magnetometer_t
make: *** [Drivers/API/Src/subdir.mk:31: Drivers/API/Src/API_magnetometer.o] Error 1
make: *** Waiting for unfinished jobs....
"make -j20 all" terminated with exit code 2. Build might be incomplete.
20:16:04 **** Incremental Build of configuration Debug for project digitalCompass ****
make -j20 all 
arm-none-eabi-gcc "../Drivers/API/Src/API_magnetometer.c" -mcpu=cortex-m4 -std=gnu11 -g3 -DDEBUG -DUSE_HAL_DRIVER -DSTM32F429xx -c -I../Core/Inc -I../Drivers/STM32F4xx_HAL_Driver/Inc -I../Drivers/STM32F4xx_HAL_Driver/Inc/Legacy -I../Drivers/CMSIS/Device/ST/STM32F4xx/Include -I../Drivers/CMSIS/Include -I"/media/francesco/Data/Francesco/PdCeSE_workspace/digitalCompass/Drivers/SSD1306/Src" -I"/media/francesco/Data/Francesco/PdCeSE_workspace/digitalCompass/Drivers/SSD1306/Inc" -I"/media/francesco/Data/Francesco/PdCeSE_workspace/digitalCompass/Drivers/API/Inc" -I"/media/francesco/Data/Francesco/PdCeSE_workspace/digitalCompass/Drivers/API/Src" -I"/media/francesco/Data/Francesco/PdCeSE_workspace/digitalCompass/Drivers/BSP" -I"/media/francesco/Data/Francesco/PdCeSE_workspace/digitalCompass/Drivers/BSP/STM32F4xx_Nucleo_144" -O0 -ffunction-sections -fdata-sections -Wall -fstack-usage -MMD -MP -MF"Drivers/API/Src/API_magnetometer.d" -MT"Drivers/API/Src/API_magnetometer.o" --specs=nano.specs -mfpu=fpv4-sp-d16 -mfloat-abi=hard -mthumb -o "Drivers/API/Src/API_magnetometer.o"
arm-none-eabi-gcc -o "digitalCompass.elf" @"objects.list"   -mcpu=cortex-m4 -T"/media/francesco/Data/Francesco/PdCeSE_workspace/digitalCompass/STM32F429ZITX_FLASH.ld" --specs=nosys.specs -Wl,-Map="digitalCompass.map" -Wl,--gc-sections -static --specs=nano.specs -mfpu=fpv4-sp-d16 -mfloat-abi=hard -mthumb -Wl,--start-group -lc -lm -Wl,--end-group
Finished building target: digitalCompass.elf
 
arm-none-eabi-size   digitalCompass.elf 
arm-none-eabi-objdump -h -S  digitalCompass.elf  > "digitalCompass.list"
   text	   data	    bss	    dec	    hex	filename
  33680	    140	   2768	  36588	   8eec	digitalCompass.elf
Finished building: default.size.stdout
 
Finished building: digitalCompass.list
 
20:23:55 **** Incremental Build of configuration Debug for project digitalCompass ****
make -j20 all 
arm-none-eabi-gcc "../Drivers/API/Src/API_debounce.c" -mcpu=cortex-m4 -std=gnu11 -g3 -DDEBUG -DUSE_HAL_DRIVER -DSTM32F429xx -c -I../Core/Inc -I../Drivers/STM32F4xx_HAL_Driver/Inc -I../Drivers/STM32F4xx_HAL_Driver/Inc/Legacy -I../Drivers/CMSIS/Device/ST/STM32F4xx/Include -I../Drivers/CMSIS/Include -I"/media/francesco/Data/Francesco/PdCeSE_workspace/digitalCompass/Drivers/SSD1306/Src" -I"/media/francesco/Data/Francesco/PdCeSE_workspace/digitalCompass/Drivers/SSD1306/Inc" -I"/media/francesco/Data/Francesco/PdCeSE_workspace/digitalCompass/Drivers/API/Inc" -I"/media/francesco/Data/Francesco/PdCeSE_workspace/digitalCompass/Drivers/API/Src" -I"/media/francesco/Data/Francesco/PdCeSE_workspace/digitalCompass/Drivers/BSP" -I"/media/francesco/Data/Francesco/PdCeSE_workspace/digitalCompass/Drivers/BSP/STM32F4xx_Nucleo_144" -O0 -ffunction-sections -fdata-sections -Wall -fstack-usage -MMD -MP -MF"Drivers/API/Src/API_debounce.d" -MT"Drivers/API/Src/API_debounce.o" --specs=nano.specs -mfpu=fpv4-sp-d16 -mfloat-abi=hard -mthumb -o "Drivers/API/Src/API_debounce.o"
arm-none-eabi-gcc "../Drivers/API/Src/API_delay.c" -mcpu=cortex-m4 -std=gnu11 -g3 -DDEBUG -DUSE_HAL_DRIVER -DSTM32F429xx -c -I../Core/Inc -I../Drivers/STM32F4xx_HAL_Driver/Inc -I../Drivers/STM32F4xx_HAL_Driver/Inc/Legacy -I../Drivers/CMSIS/Device/ST/STM32F4xx/Include -I../Drivers/CMSIS/Include -I"/media/francesco/Data/Francesco/PdCeSE_workspace/digitalCompass/Drivers/SSD1306/Src" -I"/media/francesco/Data/Francesco/PdCeSE_workspace/digitalCompass/Drivers/SSD1306/Inc" -I"/media/francesco/Data/Francesco/PdCeSE_workspace/digitalCompass/Drivers/API/Inc" -I"/media/francesco/Data/Francesco/PdCeSE_workspace/digitalCompass/Drivers/API/Src" -I"/media/francesco/Data/Francesco/PdCeSE_workspace/digitalCompass/Drivers/BSP" -I"/media/francesco/Data/Francesco/PdCeSE_workspace/digitalCompass/Drivers/BSP/STM32F4xx_Nucleo_144" -O0 -ffunction-sections -fdata-sections -Wall -fstack-usage -MMD -MP -MF"Drivers/API/Src/API_delay.d" -MT"Drivers/API/Src/API_delay.o" --specs=nano.specs -mfpu=fpv4-sp-d16 -mfloat-abi=hard -mthumb -o "Drivers/API/Src/API_delay.o"
arm-none-eabi-gcc "../Drivers/API/Src/API_displayOLED.c" -mcpu=cortex-m4 -std=gnu11 -g3 -DDEBUG -DUSE_HAL_DRIVER -DSTM32F429xx -c -I../Core/Inc -I../Drivers/STM32F4xx_HAL_Driver/Inc -I../Drivers/STM32F4xx_HAL_Driver/Inc/Legacy -I../Drivers/CMSIS/Device/ST/STM32F4xx/Include -I../Drivers/CMSIS/Include -I"/media/francesco/Data/Francesco/PdCeSE_workspace/digitalCompass/Drivers/SSD1306/Src" -I"/media/francesco/Data/Francesco/PdCeSE_workspace/digitalCompass/Drivers/SSD1306/Inc" -I"/media/francesco/Data/Francesco/PdCeSE_workspace/digitalCompass/Drivers/API/Inc" -I"/media/francesco/Data/Francesco/PdCeSE_workspace/digitalCompass/Drivers/API/Src" -I"/media/francesco/Data/Francesco/PdCeSE_workspace/digitalCompass/Drivers/BSP" -I"/media/francesco/Data/Francesco/PdCeSE_workspace/digitalCompass/Drivers/BSP/STM32F4xx_Nucleo_144" -O0 -ffunction-sections -fdata-sections -Wall -fstack-usage -MMD -MP -MF"Drivers/API/Src/API_displayOLED.d" -MT"Drivers/API/Src/API_displayOLED.o" --specs=nano.specs -mfpu=fpv4-sp-d16 -mfloat-abi=hard -mthumb -o "Drivers/API/Src/API_displayOLED.o"
arm-none-eabi-gcc "../Drivers/API/Src/API_magnetometer.c" -mcpu=cortex-m4 -std=gnu11 -g3 -DDEBUG -DUSE_HAL_DRIVER -DSTM32F429xx -c -I../Core/Inc -I../Drivers/STM32F4xx_HAL_Driver/Inc -I../Drivers/STM32F4xx_HAL_Driver/Inc/Legacy -I../Drivers/CMSIS/Device/ST/STM32F4xx/Include -I../Drivers/CMSIS/Include -I"/media/francesco/Data/Francesco/PdCeSE_workspace/digitalCompass/Drivers/SSD1306/Src" -I"/media/francesco/Data/Francesco/PdCeSE_workspace/digitalCompass/Drivers/SSD1306/Inc" -I"/media/francesco/Data/Francesco/PdCeSE_workspace/digitalCompass/Drivers/API/Inc" -I"/media/francesco/Data/Francesco/PdCeSE_workspace/digitalCompass/Drivers/API/Src" -I"/media/francesco/Data/Francesco/PdCeSE_workspace/digitalCompass/Drivers/BSP" -I"/media/francesco/Data/Francesco/PdCeSE_workspace/digitalCompass/Drivers/BSP/STM32F4xx_Nucleo_144" -O0 -ffunction-sections -fdata-sections -Wall -fstack-usage -MMD -MP -MF"Drivers/API/Src/API_magnetometer.d" -MT"Drivers/API/Src/API_magnetometer.o" --specs=nano.specs -mfpu=fpv4-sp-d16 -mfloat-abi=hard -mthumb -o "Drivers/API/Src/API_magnetometer.o"
arm-none-eabi-gcc "../Drivers/API/Src/API_system.c" -mcpu=cortex-m4 -std=gnu11 -g3 -DDEBUG -DUSE_HAL_DRIVER -DSTM32F429xx -c -I../Core/Inc -I../Drivers/STM32F4xx_HAL_Driver/Inc -I../Drivers/STM32F4xx_HAL_Driver/Inc/Legacy -I../Drivers/CMSIS/Device/ST/STM32F4xx/Include -I../Drivers/CMSIS/Include -I"/media/francesco/Data/Francesco/PdCeSE_workspace/digitalCompass/Drivers/SSD1306/Src" -I"/media/francesco/Data/Francesco/PdCeSE_workspace/digitalCompass/Drivers/SSD1306/Inc" -I"/media/francesco/Data/Francesco/PdCeSE_workspace/digitalCompass/Drivers/API/Inc" -I"/media/francesco/Data/Francesco/PdCeSE_workspace/digitalCompass/Drivers/API/Src" -I"/media/francesco/Data/Francesco/PdCeSE_workspace/digitalCompass/Drivers/BSP" -I"/media/francesco/Data/Francesco/PdCeSE_workspace/digitalCompass/Drivers/BSP/STM32F4xx_Nucleo_144" -O0 -ffunction-sections -fdata-sections -Wall -fstack-usage -MMD -MP -MF"Drivers/API/Src/API_system.d" -MT"Drivers/API/Src/API_system.o" --specs=nano.specs -mfpu=fpv4-sp-d16 -mfloat-abi=hard -mthumb -o "Drivers/API/Src/API_system.o"
arm-none-eabi-gcc "../Core/Src/main.c" -mcpu=cortex-m4 -std=gnu11 -g3 -DDEBUG -DUSE_HAL_DRIVER -DSTM32F429xx -c -I../Core/Inc -I../Drivers/STM32F4xx_HAL_Driver/Inc -I../Drivers/STM32F4xx_HAL_Driver/Inc/Legacy -I../Drivers/CMSIS/Device/ST/STM32F4xx/Include -I../Drivers/CMSIS/Include -I"/media/francesco/Data/Francesco/PdCeSE_workspace/digitalCompass/Drivers/SSD1306/Src" -I"/media/francesco/Data/Francesco/PdCeSE_workspace/digitalCompass/Drivers/SSD1306/Inc" -I"/media/francesco/Data/Francesco/PdCeSE_workspace/digitalCompass/Drivers/API/Inc" -I"/media/francesco/Data/Francesco/PdCeSE_workspace/digitalCompass/Drivers/API/Src" -I"/media/francesco/Data/Francesco/PdCeSE_workspace/digitalCompass/Drivers/BSP" -I"/media/francesco/Data/Francesco/PdCeSE_workspace/digitalCompass/Drivers/BSP/STM32F4xx_Nucleo_144" -O0 -ffunction-sections -fdata-sections -Wall -fstack-usage -MMD -MP -MF"Core/Src/main.d" -MT"Core/Src/main.o" --specs=nano.specs -mfpu=fpv4-sp-d16 -mfloat-abi=hard -mthumb -o "Core/Src/main.o"
arm-none-eabi-gcc "../Core/Src/stm32f4xx_hal_msp.c" -mcpu=cortex-m4 -std=gnu11 -g3 -DDEBUG -DUSE_HAL_DRIVER -DSTM32F429xx -c -I../Core/Inc -I../Drivers/STM32F4xx_HAL_Driver/Inc -I../Drivers/STM32F4xx_HAL_Driver/Inc/Legacy -I../Drivers/CMSIS/Device/ST/STM32F4xx/Include -I../Drivers/CMSIS/Include -I"/media/francesco/Data/Francesco/PdCeSE_workspace/digitalCompass/Drivers/SSD1306/Src" -I"/media/francesco/Data/Francesco/PdCeSE_workspace/digitalCompass/Drivers/SSD1306/Inc" -I"/media/francesco/Data/Francesco/PdCeSE_workspace/digitalCompass/Drivers/API/Inc" -I"/media/francesco/Data/Francesco/PdCeSE_workspace/digitalCompass/Drivers/API/Src" -I"/media/francesco/Data/Francesco/PdCeSE_workspace/digitalCompass/Drivers/BSP" -I"/media/francesco/Data/Francesco/PdCeSE_workspace/digitalCompass/Drivers/BSP/STM32F4xx_Nucleo_144" -O0 -ffunction-sections -fdata-sections -Wall -fstack-usage -MMD -MP -MF"Core/Src/stm32f4xx_hal_msp.d" -MT"Core/Src/stm32f4xx_hal_msp.o" --specs=nano.specs -mfpu=fpv4-sp-d16 -mfloat-abi=hard -mthumb -o "Core/Src/stm32f4xx_hal_msp.o"
arm-none-eabi-gcc "../Core/Src/stm32f4xx_it.c" -mcpu=cortex-m4 -std=gnu11 -g3 -DDEBUG -DUSE_HAL_DRIVER -DSTM32F429xx -c -I../Core/Inc -I../Drivers/STM32F4xx_HAL_Driver/Inc -I../Drivers/STM32F4xx_HAL_Driver/Inc/Legacy -I../Drivers/CMSIS/Device/ST/STM32F4xx/Include -I../Drivers/CMSIS/Include -I"/media/francesco/Data/Francesco/PdCeSE_workspace/digitalCompass/Drivers/SSD1306/Src" -I"/media/francesco/Data/Francesco/PdCeSE_workspace/digitalCompass/Drivers/SSD1306/Inc" -I"/media/francesco/Data/Francesco/PdCeSE_workspace/digitalCompass/Drivers/API/Inc" -I"/media/francesco/Data/Francesco/PdCeSE_workspace/digitalCompass/Drivers/API/Src" -I"/media/francesco/Data/Francesco/PdCeSE_workspace/digitalCompass/Drivers/BSP" -I"/media/francesco/Data/Francesco/PdCeSE_workspace/digitalCompass/Drivers/BSP/STM32F4xx_Nucleo_144" -O0 -ffunction-sections -fdata-sections -Wall -fstack-usage -MMD -MP -MF"Core/Src/stm32f4xx_it.d" -MT"Core/Src/stm32f4xx_it.o" --specs=nano.specs -mfpu=fpv4-sp-d16 -mfloat-abi=hard -mthumb -o "Core/Src/stm32f4xx_it.o"
arm-none-eabi-gcc -o "digitalCompass.elf" @"objects.list"   -mcpu=cortex-m4 -T"/media/francesco/Data/Francesco/PdCeSE_workspace/digitalCompass/STM32F429ZITX_FLASH.ld" --specs=nosys.specs -Wl,-Map="digitalCompass.map" -Wl,--gc-sections -static --specs=nano.specs -mfpu=fpv4-sp-d16 -mfloat-abi=hard -mthumb -Wl,--start-group -lc -lm -Wl,--end-group
Finished building target: digitalCompass.elf
 
arm-none-eabi-size   digitalCompass.elf 
arm-none-eabi-objdump -h -S  digitalCompass.elf  > "digitalCompass.list"
   text	   data	    bss	    dec	    hex	filename
  33696	    140	   2768	  36604	   8efc	digitalCompass.elf
Finished building: default.size.stdout
 
Finished building: digitalCompass.list
 
